Archive member included to satisfy reference by file (symbol)

c:/users/kalli/.p2/pool/plugins/fr.ac6.mcu.externaltools.arm-none.win32_1.15.0.201708311556/tools/compiler/bin/../lib/gcc/arm-none-eabi/6.3.1/../../../../arm-none-eabi/lib/thumb/v7e-m/fpv4-sp/hard\libc_nano.a(lib_a-exit.o)
                              c:/users/kalli/.p2/pool/plugins/fr.ac6.mcu.externaltools.arm-none.win32_1.15.0.201708311556/tools/compiler/bin/../lib/gcc/arm-none-eabi/6.3.1/../../../../arm-none-eabi/lib/thumb/v7e-m/fpv4-sp/hard/crt0.o (exit)
c:/users/kalli/.p2/pool/plugins/fr.ac6.mcu.externaltools.arm-none.win32_1.15.0.201708311556/tools/compiler/bin/../lib/gcc/arm-none-eabi/6.3.1/../../../../arm-none-eabi/lib/thumb/v7e-m/fpv4-sp/hard\libc_nano.a(lib_a-impure.o)
                              c:/users/kalli/.p2/pool/plugins/fr.ac6.mcu.externaltools.arm-none.win32_1.15.0.201708311556/tools/compiler/bin/../lib/gcc/arm-none-eabi/6.3.1/../../../../arm-none-eabi/lib/thumb/v7e-m/fpv4-sp/hard\libc_nano.a(lib_a-exit.o) (_global_impure_ptr)
c:/users/kalli/.p2/pool/plugins/fr.ac6.mcu.externaltools.arm-none.win32_1.15.0.201708311556/tools/compiler/bin/../lib/gcc/arm-none-eabi/6.3.1/../../../../arm-none-eabi/lib/thumb/v7e-m/fpv4-sp/hard\libc_nano.a(lib_a-init.o)
                              c:/users/kalli/.p2/pool/plugins/fr.ac6.mcu.externaltools.arm-none.win32_1.15.0.201708311556/tools/compiler/bin/../lib/gcc/arm-none-eabi/6.3.1/../../../../arm-none-eabi/lib/thumb/v7e-m/fpv4-sp/hard/crt0.o (__libc_init_array)
c:/users/kalli/.p2/pool/plugins/fr.ac6.mcu.externaltools.arm-none.win32_1.15.0.201708311556/tools/compiler/bin/../lib/gcc/arm-none-eabi/6.3.1/../../../../arm-none-eabi/lib/thumb/v7e-m/fpv4-sp/hard\libc_nano.a(lib_a-malloc.o)
                              Middlewares/ST/STM32_USB_Host_Library/Class/HID/Src/usbh_hid.o (malloc)
c:/users/kalli/.p2/pool/plugins/fr.ac6.mcu.externaltools.arm-none.win32_1.15.0.201708311556/tools/compiler/bin/../lib/gcc/arm-none-eabi/6.3.1/../../../../arm-none-eabi/lib/thumb/v7e-m/fpv4-sp/hard\libc_nano.a(lib_a-memset.o)
                              c:/users/kalli/.p2/pool/plugins/fr.ac6.mcu.externaltools.arm-none.win32_1.15.0.201708311556/tools/compiler/bin/../lib/gcc/arm-none-eabi/6.3.1/../../../../arm-none-eabi/lib/thumb/v7e-m/fpv4-sp/hard/crt0.o (memset)
c:/users/kalli/.p2/pool/plugins/fr.ac6.mcu.externaltools.arm-none.win32_1.15.0.201708311556/tools/compiler/bin/../lib/gcc/arm-none-eabi/6.3.1/../../../../arm-none-eabi/lib/thumb/v7e-m/fpv4-sp/hard\libc_nano.a(lib_a-nano-freer.o)
                              c:/users/kalli/.p2/pool/plugins/fr.ac6.mcu.externaltools.arm-none.win32_1.15.0.201708311556/tools/compiler/bin/../lib/gcc/arm-none-eabi/6.3.1/../../../../arm-none-eabi/lib/thumb/v7e-m/fpv4-sp/hard\libc_nano.a(lib_a-malloc.o) (_free_r)
c:/users/kalli/.p2/pool/plugins/fr.ac6.mcu.externaltools.arm-none.win32_1.15.0.201708311556/tools/compiler/bin/../lib/gcc/arm-none-eabi/6.3.1/../../../../arm-none-eabi/lib/thumb/v7e-m/fpv4-sp/hard\libc_nano.a(lib_a-nano-mallocr.o)
                              c:/users/kalli/.p2/pool/plugins/fr.ac6.mcu.externaltools.arm-none.win32_1.15.0.201708311556/tools/compiler/bin/../lib/gcc/arm-none-eabi/6.3.1/../../../../arm-none-eabi/lib/thumb/v7e-m/fpv4-sp/hard\libc_nano.a(lib_a-malloc.o) (_malloc_r)
c:/users/kalli/.p2/pool/plugins/fr.ac6.mcu.externaltools.arm-none.win32_1.15.0.201708311556/tools/compiler/bin/../lib/gcc/arm-none-eabi/6.3.1/../../../../arm-none-eabi/lib/thumb/v7e-m/fpv4-sp/hard\libc_nano.a(lib_a-sbrkr.o)
                              c:/users/kalli/.p2/pool/plugins/fr.ac6.mcu.externaltools.arm-none.win32_1.15.0.201708311556/tools/compiler/bin/../lib/gcc/arm-none-eabi/6.3.1/../../../../arm-none-eabi/lib/thumb/v7e-m/fpv4-sp/hard\libc_nano.a(lib_a-nano-mallocr.o) (_sbrk_r)
c:/users/kalli/.p2/pool/plugins/fr.ac6.mcu.externaltools.arm-none.win32_1.15.0.201708311556/tools/compiler/bin/../lib/gcc/arm-none-eabi/6.3.1/../../../../arm-none-eabi/lib/thumb/v7e-m/fpv4-sp/hard\libc_nano.a(lib_a-mlock.o)
                              c:/users/kalli/.p2/pool/plugins/fr.ac6.mcu.externaltools.arm-none.win32_1.15.0.201708311556/tools/compiler/bin/../lib/gcc/arm-none-eabi/6.3.1/../../../../arm-none-eabi/lib/thumb/v7e-m/fpv4-sp/hard\libc_nano.a(lib_a-nano-freer.o) (__malloc_lock)
c:/users/kalli/.p2/pool/plugins/fr.ac6.mcu.externaltools.arm-none.win32_1.15.0.201708311556/tools/compiler/bin/../lib/gcc/arm-none-eabi/6.3.1/../../../../arm-none-eabi/lib/thumb/v7e-m/fpv4-sp/hard\libc_nano.a(lib_a-reent.o)
                              c:/users/kalli/.p2/pool/plugins/fr.ac6.mcu.externaltools.arm-none.win32_1.15.0.201708311556/tools/compiler/bin/../lib/gcc/arm-none-eabi/6.3.1/../../../../arm-none-eabi/lib/thumb/v7e-m/fpv4-sp/hard\libc_nano.a(lib_a-sbrkr.o) (errno)
c:/users/kalli/.p2/pool/plugins/fr.ac6.mcu.externaltools.arm-none.win32_1.15.0.201708311556/tools/compiler/bin/../lib/gcc/arm-none-eabi/6.3.1/../../../../arm-none-eabi/lib/thumb/v7e-m/fpv4-sp/hard\libnosys.a(sbrk.o)
[...]
Memory Configuration

Name             Origin             Length             Attributes
RAM              0x20000000         0x00020000         xrw
CCMRAM           0x10000000         0x00010000         rw
FLASH            0x08000000         0x00100000         xr
*default*        0x00000000         0xffffffff

Linker script and memory map

LOAD c:/users/kalli/.p2/pool/plugins/fr.ac6.mcu.externaltools.arm-none.win32_1.15.0.201708311556/tools/compiler/bin/../lib/gcc/arm-none-eabi/6.3.1/thumb/v7e-m/fpv4-sp/hard/crti.o
LOAD c:/users/kalli/.p2/pool/plugins/fr.ac6.mcu.externaltools.arm-none.win32_1.15.0.201708311556/tools/compiler/bin/../lib/gcc/arm-none-eabi/6.3.1/thumb/v7e-m/fpv4-sp/hard/crtbegin.o
LOAD c:/users/kalli/.p2/pool/plugins/fr.ac6.mcu.externaltools.arm-none.win32_1.15.0.201708311556/tools/compiler/bin/../lib/gcc/arm-none-eabi/6.3.1/../../../../arm-none-eabi/lib/thumb/v7e-m/fpv4-sp/hard/crt0.o
LOAD Drivers/STM32F4xx_HAL_Driver/Src/stm32f4xx_hal.o
LOAD Drivers/STM32F4xx_HAL_Driver/Src/stm32f4xx_hal_cortex.o
LOAD Drivers/STM32F4xx_HAL_Driver/Src/stm32f4xx_hal_dma.o
LOAD Drivers/STM32F4xx_HAL_Driver/Src/stm32f4xx_hal_dma_ex.o
LOAD Drivers/STM32F4xx_HAL_Driver/Src/stm32f4xx_hal_flash.o
LOAD Drivers/STM32F4xx_HAL_Driver/Src/stm32f4xx_hal_flash_ex.o
LOAD Drivers/STM32F4xx_HAL_Driver/Src/stm32f4xx_hal_flash_ramfunc.o
LOAD Drivers/STM32F4xx_HAL_Driver/Src/stm32f4xx_hal_gpio.o
LOAD Drivers/STM32F4xx_HAL_Driver/Src/stm32f4xx_hal_hcd.o
LOAD Drivers/STM32F4xx_HAL_Driver/Src/stm32f4xx_hal_pwr.o
LOAD Drivers/STM32F4xx_HAL_Driver/Src/stm32f4xx_hal_pwr_ex.o
LOAD Drivers/STM32F4xx_HAL_Driver/Src/stm32f4xx_hal_rcc.o
LOAD Drivers/STM32F4xx_HAL_Driver/Src/stm32f4xx_hal_rcc_ex.o
LOAD Drivers/STM32F4xx_HAL_Driver/Src/stm32f4xx_hal_tim.o
LOAD Drivers/STM32F4xx_HAL_Driver/Src/stm32f4xx_hal_tim_ex.o
LOAD Drivers/STM32F4xx_HAL_Driver/Src/stm32f4xx_hal_usart.o
LOAD Drivers/STM32F4xx_HAL_Driver/Src/stm32f4xx_ll_usb.o
LOAD Middlewares/ST/STM32_USB_Host_Library/Class/HID/Src/usbh_hid.o
LOAD Middlewares/ST/STM32_USB_Host_Library/Class/HID/Src/usbh_hid_keybd.o
LOAD Middlewares/ST/STM32_USB_Host_Library/Class/HID/Src/usbh_hid_mouse.o
LOAD Middlewares/ST/STM32_USB_Host_Library/Class/HID/Src/usbh_hid_parser.o
LOAD Middlewares/ST/STM32_USB_Host_Library/Core/Src/usbh_core.o
LOAD Middlewares/ST/STM32_USB_Host_Library/Core/Src/usbh_ctlreq.o
LOAD Middlewares/ST/STM32_USB_Host_Library/Core/Src/usbh_ioreq.o
LOAD Middlewares/ST/STM32_USB_Host_Library/Core/Src/usbh_pipes.o
LOAD Src/main.o
LOAD Src/stm32f4xx_hal_msp.o
LOAD Src/stm32f4xx_it.o
LOAD Src/system_stm32f4xx.o
LOAD Src/usb_host.o
LOAD Src/usbh_conf.o
LOAD startup/startup_stm32f407xx.o
LOAD c:/users/kalli/.p2/pool/plugins/fr.ac6.mcu.externaltools.arm-none.win32_1.15.0.201708311556/tools/compiler/bin/../lib/gcc/arm-none-eabi/6.3.1/../../../../arm-none-eabi/lib/thumb/v7e-m/fpv4-sp/hard\libm.a
START GROUP
LOAD c:/users/kalli/.p2/pool/plugins/fr.ac6.mcu.externaltools.arm-none.win32_1.15.0.201708311556/tools/compiler/bin/../lib/gcc/arm-none-eabi/6.3.1/thumb/v7e-m/fpv4-sp/hard\libgcc.a
LOAD c:/users/kalli/.p2/pool/plugins/fr.ac6.mcu.externaltools.arm-none.win32_1.15.0.201708311556/tools/compiler/bin/../lib/gcc/arm-none-eabi/6.3.1/../../../../arm-none-eabi/lib/thumb/v7e-m/fpv4-sp/hard\libc_nano.a
END GROUP
START GROUP
LOAD c:/users/kalli/.p2/pool/plugins/fr.ac6.mcu.externaltools.arm-none.win32_1.15.0.201708311556/tools/compiler/bin/../lib/gcc/arm-none-eabi/6.3.1/thumb/v7e-m/fpv4-sp/hard\libgcc.a
LOAD c:/users/kalli/.p2/pool/plugins/fr.ac6.mcu.externaltools.arm-none.win32_1.15.0.201708311556/tools/compiler/bin/../lib/gcc/arm-none-eabi/6.3.1/../../../../arm-none-eabi/lib/thumb/v7e-m/fpv4-sp/hard\libc_nano.a
LOAD c:/users/kalli/.p2/pool/plugins/fr.ac6.mcu.externaltools.arm-none.win32_1.15.0.201708311556/tools/compiler/bin/../lib/gcc/arm-none-eabi/6.3.1/../../../../arm-none-eabi/lib/thumb/v7e-m/fpv4-sp/hard\libnosys.a
END GROUP
START GROUP
LOAD c:/users/kalli/.p2/pool/plugins/fr.ac6.mcu.externaltools.arm-none.win32_1.15.0.201708311556/tools/compiler/bin/../lib/gcc/arm-none-eabi/6.3.1/thumb/v7e-m/fpv4-sp/hard\libgcc.a
LOAD c:/users/kalli/.p2/pool/plugins/fr.ac6.mcu.externaltools.arm-none.win32_1.15.0.201708311556/tools/compiler/bin/../lib/gcc/arm-none-eabi/6.3.1/../../../../arm-none-eabi/lib/thumb/v7e-m/fpv4-sp/hard\libc_nano.a
LOAD c:/users/kalli/.p2/pool/plugins/fr.ac6.mcu.externaltools.arm-none.win32_1.15.0.201708311556/tools/compiler/bin/../lib/gcc/arm-none-eabi/6.3.1/../../../../arm-none-eabi/lib/thumb/v7e-m/fpv4-sp/hard\libnosys.a
END GROUP
LOAD c:/users/kalli/.p2/pool/plugins/fr.ac6.mcu.externaltools.arm-none.win32_1.15.0.201708311556/tools/compiler/bin/../lib/gcc/arm-none-eabi/6.3.1/thumb/v7e-m/fpv4-sp/hard/crtend.o
LOAD c:/users/kalli/.p2/pool/plugins/fr.ac6.mcu.externaltools.arm-none.win32_1.15.0.201708311556/tools/compiler/bin/../lib/gcc/arm-none-eabi/6.3.1/thumb/v7e-m/fpv4-sp/hard/crtn.o
                0x20020000                _estack = 0x20020000
                0x00000200                _Min_Heap_Size = 0x200
                0x00000400                _Min_Stack_Size = 0x400

.isr_vector     0x08000000      0x188
                0x08000000                . = ALIGN (0x4)
 *(.isr_vector)
 .isr_vector    0x08000000      0x188 startup/startup_stm32f407xx.o
                0x08000000                g_pfnVectors
                0x08000188                . = ALIGN (0x4)

.text           0x08000188     0x36f8
                0x08000188                . = ALIGN (0x4)
 *(.text)
 .text          0x08000188       0x6c c:/users/kalli/.p2/pool/plugins/fr.ac6.mcu.externaltools.arm-none.win32_1.15.0.201708311556/tools/compiler/bin/../lib/gcc/arm-none-eabi/6.3.1/thumb/v7e-m/fpv4-sp/hard/crtbegin.o
 *(.text*)
 .text.HAL_InitTick
                0x080001f4       0x2c Drivers/STM32F4xx_HAL_Driver/Src/stm32f4xx_hal.o
                0x080001f4                HAL_InitTick
 .text.HAL_Init
                0x08000220       0x34 Drivers/STM32F4xx_HAL_Driver/Src/stm32f4xx_hal.o
                0x08000220                HAL_Init
 .text.HAL_IncTick
                0x08000254       0x10 Drivers/STM32F4xx_HAL_Driver/Src/stm32f4xx_hal.o
                0x08000254                HAL_IncTick
 .text.HAL_GetTick
                0x08000264        0xc Drivers/STM32F4xx_HAL_Driver/Src/stm32f4xx_hal.o
                0x08000264                HAL_GetTick
 .text.HAL_Delay
                0x08000270       0x24 Drivers/STM32F4xx_HAL_Driver/Src/stm32f4xx_hal.o
                0x08000270                HAL_Delay
 .text.HAL_NVIC_SetPriorityGrouping
                0x08000294       0x24 Drivers/STM32F4xx_HAL_Driver/Src/stm32f4xx_hal_cortex.o
                0x08000294                HAL_NVIC_SetPriorityGrouping
 .text.HAL_NVIC_SetPriority
                0x080002b8       0x6c Drivers/STM32F4xx_HAL_Driver/Src/stm32f4xx_hal_cortex.o
                0x080002b8                HAL_NVIC_SetPriority
 .text.HAL_NVIC_EnableIRQ
                0x08000324       0x18 Drivers/STM32F4xx_HAL_Driver/Src/stm32f4xx_hal_cortex.o
                0x08000324                HAL_NVIC_EnableIRQ
 .text.HAL_SYSTICK_Config
                0x0800033c       0x34 Drivers/STM32F4xx_HAL_Driver/Src/stm32f4xx_hal_cortex.o
                0x0800033c                HAL_SYSTICK_Config
 .text.HAL_SYSTICK_CLKSourceConfig
                0x08000370       0x18 Drivers/STM32F4xx_HAL_Driver/Src/stm32f4xx_hal_cortex.o
                0x08000370                HAL_SYSTICK_CLKSourceConfig
 .text.HAL_SYSTICK_Callback
                0x08000388        0x4 Drivers/STM32F4xx_HAL_Driver/Src/stm32f4xx_hal_cortex.o
                0x08000388                HAL_SYSTICK_Callback
 .text.HAL_SYSTICK_IRQHandler
                0x0800038c        0x8 Drivers/STM32F4xx_HAL_Driver/Src/stm32f4xx_hal_cortex.o
                0x0800038c                HAL_SYSTICK_IRQHandler
 .text.HAL_GPIO_Init
                0x08000394      0x22c Drivers/STM32F4xx_HAL_Driver/Src/stm32f4xx_hal_gpio.o
                0x08000394                HAL_GPIO_Init
 .text.HAL_GPIO_WritePin
                0x080005c0        0x8 Drivers/STM32F4xx_HAL_Driver/Src/stm32f4xx_hal_gpio.o
                0x080005c0                HAL_GPIO_WritePin
 .text.HAL_HCD_HC_Init
                0x080005c8       0x70 Drivers/STM32F4xx_HAL_Driver/Src/stm32f4xx_hal_hcd.o
                0x080005c8                HAL_HCD_HC_Init
 .text.HAL_HCD_HC_Halt
                0x08000638       0x24 Drivers/STM32F4xx_HAL_Driver/Src/stm32f4xx_hal_hcd.o
                0x08000638                HAL_HCD_HC_Halt
 .text.HAL_HCD_Init
                0x0800065c       0x80 Drivers/STM32F4xx_HAL_Driver/Src/stm32f4xx_hal_hcd.o
                0x0800065c                HAL_HCD_Init
 .text.HAL_HCD_HC_SubmitRequest
                0x080006dc      0x104 Drivers/STM32F4xx_HAL_Driver/Src/stm32f4xx_hal_hcd.o
                0x080006dc                HAL_HCD_HC_SubmitRequest
 .text.HAL_HCD_IRQHandler
                0x080007e0      0x734 Drivers/STM32F4xx_HAL_Driver/Src/stm32f4xx_hal_hcd.o
                0x080007e0                HAL_HCD_IRQHandler
 .text.HAL_HCD_Start
                0x08000f14       0x2c Drivers/STM32F4xx_HAL_Driver/Src/stm32f4xx_hal_hcd.o
                0x08000f14                HAL_HCD_Start
 .text.HAL_HCD_Stop
                0x08000f40       0x24 Drivers/STM32F4xx_HAL_Driver/Src/stm32f4xx_hal_hcd.o
                0x08000f40                HAL_HCD_Stop
 .text.HAL_HCD_ResetPort
                0x08000f64        0x8 Drivers/STM32F4xx_HAL_Driver/Src/stm32f4xx_hal_hcd.o
                0x08000f64                HAL_HCD_ResetPort
 .text.HAL_HCD_HC_GetURBState
                0x08000f6c       0x10 Drivers/STM32F4xx_HAL_Driver/Src/stm32f4xx_hal_hcd.o
                0x08000f6c                HAL_HCD_HC_GetURBState
 .text.HAL_HCD_GetCurrentFrame
                0x08000f7c        0x8 Drivers/STM32F4xx_HAL_Driver/Src/stm32f4xx_hal_hcd.o
                0x08000f7c                HAL_HCD_GetCurrentFrame
 .text.HAL_HCD_GetCurrentSpeed
                0x08000f84        0x8 Drivers/STM32F4xx_HAL_Driver/Src/stm32f4xx_hal_hcd.o
                0x08000f84                HAL_HCD_GetCurrentSpeed
 .text.HAL_RCC_OscConfig
                0x08000f8c      0x378 Drivers/STM32F4xx_HAL_Driver/Src/stm32f4xx_hal_rcc.o
                0x08000f8c                HAL_RCC_OscConfig
 .text.HAL_RCC_GetSysClockFreq
                0x08001304       0x74 Drivers/STM32F4xx_HAL_Driver/Src/stm32f4xx_hal_rcc.o
                0x08001304                HAL_RCC_GetSysClockFreq
 .text.HAL_RCC_ClockConfig
                0x08001378      0x170 Drivers/STM32F4xx_HAL_Driver/Src/stm32f4xx_hal_rcc.o
                0x08001378                HAL_RCC_ClockConfig
 .text.HAL_RCC_GetHCLKFreq
                0x080014e8        0xc Drivers/STM32F4xx_HAL_Driver/Src/stm32f4xx_hal_rcc.o
                0x080014e8                HAL_RCC_GetHCLKFreq
 .text.HAL_RCC_GetPCLK1Freq
                0x080014f4       0x30 Drivers/STM32F4xx_HAL_Driver/Src/stm32f4xx_hal_rcc.o
                0x080014f4                HAL_RCC_GetPCLK1Freq
 .text.HAL_RCC_GetPCLK2Freq
                0x08001524       0x30 Drivers/STM32F4xx_HAL_Driver/Src/stm32f4xx_hal_rcc.o
                0x08001524                HAL_RCC_GetPCLK2Freq
 .text.HAL_USART_Init
                0x08001554      0x170 Drivers/STM32F4xx_HAL_Driver/Src/stm32f4xx_hal_usart.o
                0x08001554                HAL_USART_Init
 .text.USB_CoreInit
                0x080016c4       0x78 Drivers/STM32F4xx_HAL_Driver/Src/stm32f4xx_ll_usb.o
                0x080016c4                USB_CoreInit
 .text.USB_EnableGlobalInt
                0x0800173c       0x10 Drivers/STM32F4xx_HAL_Driver/Src/stm32f4xx_ll_usb.o
                0x0800173c                USB_EnableGlobalInt
 .text.USB_DisableGlobalInt
                0x0800174c       0x10 Drivers/STM32F4xx_HAL_Driver/Src/stm32f4xx_ll_usb.o
                0x0800174c                USB_DisableGlobalInt
 .text.USB_SetCurrentMode
                0x0800175c       0x34 Drivers/STM32F4xx_HAL_Driver/Src/stm32f4xx_ll_usb.o
                0x0800175c                USB_SetCurrentMode
 .text.USB_FlushTxFifo
                0x08001790       0x24 Drivers/STM32F4xx_HAL_Driver/Src/stm32f4xx_ll_usb.o
                0x08001790                USB_FlushTxFifo
 .text.USB_FlushRxFifo
                0x080017b4       0x20 Drivers/STM32F4xx_HAL_Driver/Src/stm32f4xx_ll_usb.o
                0x080017b4                USB_FlushRxFifo
 .text.USB_WritePacket
                0x080017d4       0x3c Drivers/STM32F4xx_HAL_Driver/Src/stm32f4xx_ll_usb.o
                0x080017d4                USB_WritePacket
 .text.USB_ReadPacket
                0x08001810       0x1c Drivers/STM32F4xx_HAL_Driver/Src/stm32f4xx_ll_usb.o
                0x08001810                USB_ReadPacket
 .text.USB_ReadInterrupts
                0x0800182c        0x8 Drivers/STM32F4xx_HAL_Driver/Src/stm32f4xx_ll_usb.o
                0x0800182c                USB_ReadInterrupts
 .text.USB_GetMode
                0x08001834        0x8 Drivers/STM32F4xx_HAL_Driver/Src/stm32f4xx_ll_usb.o
                0x08001834                USB_GetMode
 .text.USB_CoreReset
                0x0800183c       0x34 Drivers/STM32F4xx_HAL_Driver/Src/stm32f4xx_ll_usb.o
 .text.USB_HostInit
                0x08001870      0x120 Drivers/STM32F4xx_HAL_Driver/Src/stm32f4xx_ll_usb.o
                0x08001870                USB_HostInit
 .text.USB_InitFSLSPClkSel
                0x08001990       0x3c Drivers/STM32F4xx_HAL_Driver/Src/stm32f4xx_ll_usb.o
                0x08001990                USB_InitFSLSPClkSel
 .text.USB_ResetPort
                0x080019cc       0x34 Drivers/STM32F4xx_HAL_Driver/Src/stm32f4xx_ll_usb.o
                0x080019cc                USB_ResetPort
 .text.USB_DriveVbus
                0x08001a00       0x44 Drivers/STM32F4xx_HAL_Driver/Src/stm32f4xx_ll_usb.o
                0x08001a00                USB_DriveVbus
 .text.USB_GetHostSpeed
                0x08001a44       0x14 Drivers/STM32F4xx_HAL_Driver/Src/stm32f4xx_ll_usb.o
                0x08001a44                USB_GetHostSpeed
 .text.USB_GetCurrentFrame
                0x08001a58        0xc Drivers/STM32F4xx_HAL_Driver/Src/stm32f4xx_ll_usb.o
                0x08001a58                USB_GetCurrentFrame
 .text.USB_HC_Init
                0x08001a64      0x104 Drivers/STM32F4xx_HAL_Driver/Src/stm32f4xx_ll_usb.o
                0x08001a64                USB_HC_Init
 .text.USB_HC_StartXfer
                0x08001b68      0x27c Drivers/STM32F4xx_HAL_Driver/Src/stm32f4xx_ll_usb.o
                0x08001b68                USB_HC_StartXfer
 .text.USB_HC_ReadInterrupt
                0x08001de4       0x20 Drivers/STM32F4xx_HAL_Driver/Src/stm32f4xx_ll_usb.o
                0x08001de4                USB_HC_ReadInterrupt
 .text.USB_HC_Halt
                0x08001e04      0x1d4 Drivers/STM32F4xx_HAL_Driver/Src/stm32f4xx_ll_usb.o
                0x08001e04                USB_HC_Halt
 .text.USB_DoPing
                0x08001fd8       0x78 Drivers/STM32F4xx_HAL_Driver/Src/stm32f4xx_ll_usb.o
                0x08001fd8                USB_DoPing
 .text.USB_StopHost
                0x08002050      0x108 Drivers/STM32F4xx_HAL_Driver/Src/stm32f4xx_ll_usb.o
                0x08002050                USB_StopHost
 .text.USBH_HID_SOFProcess
                0x08002158       0x24 Middlewares/ST/STM32_USB_Host_Library/Class/HID/Src/usbh_hid.o
 .text.USBH_HID_InterfaceDeInit
                0x0800217c       0x4c Middlewares/ST/STM32_USB_Host_Library/Class/HID/Src/usbh_hid.o
 .text.USBH_HID_InterfaceInit
                0x080021c8      0x144 Middlewares/ST/STM32_USB_Host_Library/Class/HID/Src/usbh_hid.o
 .text.USBH_HID_ClassRequest
                0x0800230c      0x104 Middlewares/ST/STM32_USB_Host_Library/Class/HID/Src/usbh_hid.o
 .text.fifo_init
                0x08002410       0x10 Middlewares/ST/STM32_USB_Host_Library/Class/HID/Src/usbh_hid.o
                0x08002410                fifo_init
 .text.fifo_write
                0x08002420       0x8c Middlewares/ST/STM32_USB_Host_Library/Class/HID/Src/usbh_hid.o
                0x08002420                fifo_write
 .text.USBH_HID_EventCallback
                0x080024ac        0x4 Middlewares/ST/STM32_USB_Host_Library/Class/HID/Src/usbh_hid.o
                0x080024ac                USBH_HID_EventCallback
 .text.USBH_HID_Process
                0x080024b0       0xfc Middlewares/ST/STM32_USB_Host_Library/Class/HID/Src/usbh_hid.o
 .text.USBH_HID_KeybdInit
                0x080025ac       0x4c Middlewares/ST/STM32_USB_Host_Library/Class/HID/Src/usbh_hid_keybd.o
                0x080025ac                USBH_HID_KeybdInit
 .text.USBH_HID_MouseInit
                0x080025f8       0x44 Middlewares/ST/STM32_USB_Host_Library/Class/HID/Src/usbh_hid_mouse.o
                0x080025f8                USBH_HID_MouseInit
 .text.USBH_Init
                0x0800263c       0x64 Middlewares/ST/STM32_USB_Host_Library/Core/Src/usbh_core.o
                0x0800263c                USBH_Init
 .text.USBH_RegisterClass
                0x080026a0       0x20 Middlewares/ST/STM32_USB_Host_Library/Core/Src/usbh_core.o
                0x080026a0                USBH_RegisterClass
 .text.USBH_SelectInterface
                0x080026c0       0x14 Middlewares/ST/STM32_USB_Host_Library/Core/Src/usbh_core.o
                0x080026c0                USBH_SelectInterface
 .text.USBH_FindInterface
                0x080026d4       0x3c Middlewares/ST/STM32_USB_Host_Library/Core/Src/usbh_core.o
                0x080026d4                USBH_FindInterface
 .text.USBH_Start
                0x08002710       0x14 Middlewares/ST/STM32_USB_Host_Library/Core/Src/usbh_core.o
                0x08002710                USBH_Start
 .text.USBH_Process
                0x08002724      0x2c0 Middlewares/ST/STM32_USB_Host_Library/Core/Src/usbh_core.o
                0x08002724                USBH_Process
 .text.USBH_LL_SetTimer
                0x080029e4        0x8 Middlewares/ST/STM32_USB_Host_Library/Core/Src/usbh_core.o
                0x080029e4                USBH_LL_SetTimer
 .text.USBH_LL_IncTimer
                0x080029ec       0x20 Middlewares/ST/STM32_USB_Host_Library/Core/Src/usbh_core.o
                0x080029ec                USBH_LL_IncTimer
 .text.USBH_LL_Connect
                0x08002a0c       0x28 Middlewares/ST/STM32_USB_Host_Library/Core/Src/usbh_core.o
                0x08002a0c                USBH_LL_Connect
 .text.USBH_LL_Disconnect
                0x08002a34       0x38 Middlewares/ST/STM32_USB_Host_Library/Core/Src/usbh_core.o
                0x08002a34                USBH_LL_Disconnect
 .text.USBH_CtlReq.part.0
                0x08002a6c      0x188 Middlewares/ST/STM32_USB_Host_Library/Core/Src/usbh_ctlreq.o
 .text.USBH_GetDescriptor
                0x08002bf4       0x54 Middlewares/ST/STM32_USB_Host_Library/Core/Src/usbh_ctlreq.o
                0x08002bf4                USBH_GetDescriptor
 .text.USBH_Get_DevDesc
                0x08002c48       0xb8 Middlewares/ST/STM32_USB_Host_Library/Core/Src/usbh_ctlreq.o
                0x08002c48                USBH_Get_DevDesc
 .text.USBH_Get_CfgDesc
                0x08002d00      0x138 Middlewares/ST/STM32_USB_Host_Library/Core/Src/usbh_ctlreq.o
                0x08002d00                USBH_Get_CfgDesc
 .text.USBH_Get_StringDesc
                0x08002e38       0x54 Middlewares/ST/STM32_USB_Host_Library/Core/Src/usbh_ctlreq.o
                0x08002e38                USBH_Get_StringDesc
 .text.USBH_SetAddress
                0x08002e8c       0x38 Middlewares/ST/STM32_USB_Host_Library/Core/Src/usbh_ctlreq.o
                0x08002e8c                USBH_SetAddress
 .text.USBH_SetCfg
                0x08002ec4       0x38 Middlewares/ST/STM32_USB_Host_Library/Core/Src/usbh_ctlreq.o
                0x08002ec4                USBH_SetCfg
 .text.USBH_ClrFeature
                0x08002efc       0x40 Middlewares/ST/STM32_USB_Host_Library/Core/Src/usbh_ctlreq.o
                0x08002efc                USBH_ClrFeature
 .text.USBH_CtlReq
                0x08002f3c       0x2c Middlewares/ST/STM32_USB_Host_Library/Core/Src/usbh_ctlreq.o
                0x08002f3c                USBH_CtlReq
 .text.USBH_CtlSendSetup
                0x08002f68       0x20 Middlewares/ST/STM32_USB_Host_Library/Core/Src/usbh_ioreq.o
                0x08002f68                USBH_CtlSendSetup
 .text.USBH_CtlSendData
                0x08002f88       0x30 Middlewares/ST/STM32_USB_Host_Library/Core/Src/usbh_ioreq.o
                0x08002f88                USBH_CtlSendData
 .text.USBH_CtlReceiveData
                0x08002fb8       0x20 Middlewares/ST/STM32_USB_Host_Library/Core/Src/usbh_ioreq.o
                0x08002fb8                USBH_CtlReceiveData
 .text.USBH_InterruptReceiveData
                0x08002fd8       0x20 Middlewares/ST/STM32_USB_Host_Library/Core/Src/usbh_ioreq.o
                0x08002fd8                USBH_InterruptReceiveData
 .text.USBH_OpenPipe
                0x08002ff8       0x20 Middlewares/ST/STM32_USB_Host_Library/Core/Src/usbh_pipes.o
                0x08002ff8                USBH_OpenPipe
 .text.USBH_ClosePipe
                0x08003018        0xc Middlewares/ST/STM32_USB_Host_Library/Core/Src/usbh_pipes.o
                0x08003018                USBH_ClosePipe
 .text.USBH_AllocPipe
                0x08003024       0x34 Middlewares/ST/STM32_USB_Host_Library/Core/Src/usbh_pipes.o
                0x08003024                USBH_AllocPipe
 .text.USBH_FreePipe
                0x08003058       0x18 Middlewares/ST/STM32_USB_Host_Library/Core/Src/usbh_pipes.o
                0x08003058                USBH_FreePipe
 .text.SystemClock_Config
                0x08003070       0xb8 Src/main.o
                0x08003070                SystemClock_Config
 .text.startup.main
                0x08003128       0xf4 Src/main.o
                0x08003128                main
 .text._Error_Handler
                0x0800321c        0x4 Src/main.o
                0x0800321c                _Error_Handler
 .text.HAL_MspInit
                0x08003220       0x60 Src/stm32f4xx_hal_msp.o
                0x08003220                HAL_MspInit
 .text.HAL_USART_MspInit
                0x08003280       0x68 Src/stm32f4xx_hal_msp.o
                0x08003280                HAL_USART_MspInit
 .text.NMI_Handler
                0x080032e8        0x4 Src/stm32f4xx_it.o
                0x080032e8                NMI_Handler
 .text.HardFault_Handler
                0x080032ec        0x4 Src/stm32f4xx_it.o
                0x080032ec                HardFault_Handler
 .text.MemManage_Handler
                0x080032f0        0x4 Src/stm32f4xx_it.o
                0x080032f0                MemManage_Handler
 .text.BusFault_Handler
                0x080032f4        0x4 Src/stm32f4xx_it.o
                0x080032f4                BusFault_Handler
 .text.UsageFault_Handler
                0x080032f8        0x4 Src/stm32f4xx_it.o
                0x080032f8                UsageFault_Handler
 .text.SVC_Handler
                0x080032fc        0x4 Src/stm32f4xx_it.o
                0x080032fc                SVC_Handler
 .text.DebugMon_Handler
                0x08003300        0x4 Src/stm32f4xx_it.o
                0x08003300                DebugMon_Handler
 .text.PendSV_Handler
                0x08003304        0x4 Src/stm32f4xx_it.o
                0x08003304                PendSV_Handler
 .text.SysTick_Handler
                0x08003308       0x10 Src/stm32f4xx_it.o
                0x08003308                SysTick_Handler
 .text.OTG_FS_IRQHandler
                0x08003318        0xc Src/stm32f4xx_it.o
                0x08003318                OTG_FS_IRQHandler
 .text.SystemInit
                0x08003324       0x50 Src/system_stm32f4xx.o
                0x08003324                SystemInit
 .text.USBH_UserProcess
                0x08003374       0x28 Src/usb_host.o
 .text.MX_USB_HOST_Init
                0x0800339c       0x2c Src/usb_host.o
                0x0800339c                MX_USB_HOST_Init
 .text.MX_USB_HOST_Process
                0x080033c8        0xc Src/usb_host.o
                0x080033c8                MX_USB_HOST_Process
 .text.HAL_HCD_MspInit
                0x080033d4       0x78 Src/usbh_conf.o
                0x080033d4                HAL_HCD_MspInit
 .text.HAL_HCD_SOF_Callback
                0x0800344c        0x8 Src/usbh_conf.o
                0x0800344c                HAL_HCD_SOF_Callback
 .text.HAL_HCD_Connect_Callback
                0x08003454        0x8 Src/usbh_conf.o
                0x08003454                HAL_HCD_Connect_Callback
 .text.HAL_HCD_Disconnect_Callback
                0x0800345c        0x8 Src/usbh_conf.o
                0x0800345c                HAL_HCD_Disconnect_Callback
 .text.HAL_HCD_HC_NotifyURBChange_Callback
                0x08003464        0x4 Src/usbh_conf.o
                0x08003464                HAL_HCD_HC_NotifyURBChange_Callback
 .text.USBH_LL_Init
                0x08003468       0x60 Src/usbh_conf.o
                0x08003468                USBH_LL_Init
 .text.USBH_LL_Start
                0x080034c8       0x1c Src/usbh_conf.o
                0x080034c8                USBH_LL_Start
 .text.USBH_LL_Stop
                0x080034e4       0x1c Src/usbh_conf.o
                0x080034e4                USBH_LL_Stop
 .text.USBH_LL_GetSpeed
                0x08003500       0x1c Src/usbh_conf.o
                0x08003500                USBH_LL_GetSpeed
 .text.USBH_LL_ResetPort
                0x0800351c       0x1c Src/usbh_conf.o
                0x0800351c                USBH_LL_ResetPort
 .text.USBH_LL_OpenPipe
                0x08003538       0x30 Src/usbh_conf.o
                0x08003538                USBH_LL_OpenPipe
 .text.USBH_LL_ClosePipe
                0x08003568       0x1c Src/usbh_conf.o
                0x08003568                USBH_LL_ClosePipe
 .text.USBH_LL_SubmitURB
                0x08003584       0x38 Src/usbh_conf.o
                0x08003584                USBH_LL_SubmitURB
 .text.USBH_LL_GetURBState
                0x080035bc        0x8 Src/usbh_conf.o
                0x080035bc                USBH_LL_GetURBState
 .text.USBH_LL_DriverVBUS
                0x080035c4       0x28 Src/usbh_conf.o
                0x080035c4                USBH_LL_DriverVBUS
 .text.USBH_LL_SetToggle
                0x080035ec       0x24 Src/usbh_conf.o
                0x080035ec                USBH_LL_SetToggle
 .text.USBH_Delay
                0x08003610        0x4 Src/usbh_conf.o
                0x08003610                USBH_Delay
 .text.Reset_Handler
                0x08003614       0x50 startup/startup_stm32f407xx.o
                0x08003614                Reset_Handler
 .text.Default_Handler
                0x08003664        0x2 startup/startup_stm32f407xx.o
                0x08003664                RTC_Alarm_IRQHandler
                0x08003664                HASH_RNG_IRQHandler
                0x08003664                EXTI2_IRQHandler
                0x08003664                TIM8_CC_IRQHandler
                0x08003664                TIM1_CC_IRQHandler
                0x08003664                DMA2_Stream5_IRQHandler
                0x08003664                DMA1_Stream5_IRQHandler
                0x08003664                PVD_IRQHandler
                0x08003664                SDIO_IRQHandler
                0x08003664                TAMP_STAMP_IRQHandler
                0x08003664                CAN2_RX1_IRQHandler
                0x08003664                EXTI3_IRQHandler
                0x08003664                TIM8_TRG_COM_TIM14_IRQHandler
                0x08003664                TIM1_UP_TIM10_IRQHandler
                0x08003664                TIM8_UP_TIM13_IRQHandler
                0x08003664                I2C3_ER_IRQHandler
                0x08003664                EXTI0_IRQHandler
                0x08003664                I2C2_EV_IRQHandler
                0x08003664                DMA1_Stream2_IRQHandler
                0x08003664                CAN1_RX0_IRQHandler
                0x08003664                FPU_IRQHandler
                0x08003664                OTG_HS_WKUP_IRQHandler
                0x08003664                CAN2_SCE_IRQHandler
                0x08003664                DMA2_Stream2_IRQHandler
                0x08003664                SPI1_IRQHandler
                0x08003664                TIM6_DAC_IRQHandler
                0x08003664                TIM1_BRK_TIM9_IRQHandler
                0x08003664                DCMI_IRQHandler
                0x08003664                CAN2_RX0_IRQHandler
                0x08003664                DMA2_Stream3_IRQHandler
                0x08003664                USART6_IRQHandler
                0x08003664                USART3_IRQHandler
                0x08003664                CAN1_RX1_IRQHandler
                0x08003664                UART5_IRQHandler
                0x08003664                DMA2_Stream0_IRQHandler
                0x08003664                TIM4_IRQHandler
                0x08003664                I2C1_EV_IRQHandler
                0x08003664                DMA1_Stream6_IRQHandler
                0x08003664                DMA1_Stream1_IRQHandler
                0x08003664                UART4_IRQHandler
                0x08003664                TIM3_IRQHandler
                0x08003664                RCC_IRQHandler
                0x08003664                TIM8_BRK_TIM12_IRQHandler
                0x08003664                Default_Handler
                0x08003664                EXTI15_10_IRQHandler
                0x08003664                ADC_IRQHandler
                0x08003664                DMA1_Stream7_IRQHandler
                0x08003664                TIM7_IRQHandler
                0x08003664                CAN2_TX_IRQHandler
                0x08003664                TIM5_IRQHandler
                0x08003664                DMA2_Stream7_IRQHandler
                0x08003664                I2C3_EV_IRQHandler
                0x08003664                EXTI9_5_IRQHandler
                0x08003664                RTC_WKUP_IRQHandler
                0x08003664                ETH_WKUP_IRQHandler
                0x08003664                SPI2_IRQHandler
                0x08003664                OTG_HS_EP1_IN_IRQHandler
                0x08003664                DMA1_Stream0_IRQHandler
                0x08003664                CAN1_TX_IRQHandler
                0x08003664                EXTI4_IRQHandler
                0x08003664                FSMC_IRQHandler
                0x08003664                ETH_IRQHandler
                0x08003664                OTG_HS_EP1_OUT_IRQHandler
                0x08003664                WWDG_IRQHandler
                0x08003664                TIM2_IRQHandler
                0x08003664                OTG_FS_WKUP_IRQHandler
                0x08003664                TIM1_TRG_COM_TIM11_IRQHandler
                0x08003664                OTG_HS_IRQHandler
                0x08003664                EXTI1_IRQHandler
                0x08003664                USART2_IRQHandler
                0x08003664                I2C2_ER_IRQHandler
                0x08003664                DMA2_Stream1_IRQHandler
                0x08003664                CAN1_SCE_IRQHandler
                0x08003664                FLASH_IRQHandler
                0x08003664                DMA2_Stream4_IRQHandler
                0x08003664                USART1_IRQHandler
                0x08003664                SPI3_IRQHandler
                0x08003664                DMA1_Stream4_IRQHandler
                0x08003664                I2C1_ER_IRQHandler
                0x08003664                DMA2_Stream6_IRQHandler
                0x08003664                DMA1_Stream3_IRQHandler
 *fill*         0x08003666        0x2 
 .text.__libc_init_array
                0x08003668       0x48 c:/users/kalli/.p2/pool/plugins/fr.ac6.mcu.externaltools.arm-none.win32_1.15.0.201708311556/tools/compiler/bin/../lib/gcc/arm-none-eabi/6.3.1/../../../../arm-none-eabi/lib/thumb/v7e-m/fpv4-sp/hard\libc_nano.a(lib_a-init.o)
                0x08003668                __libc_init_array
 .text.malloc   0x080036b0       0x10 c:/users/kalli/.p2/pool/plugins/fr.ac6.mcu.externaltools.arm-none.win32_1.15.0.201708311556/tools/compiler/bin/../lib/gcc/arm-none-eabi/6.3.1/../../../../arm-none-eabi/lib/thumb/v7e-m/fpv4-sp/hard\libc_nano.a(lib_a-malloc.o)
                0x080036b0                malloc
 .text.free     0x080036c0       0x10 c:/users/kalli/.p2/pool/plugins/fr.ac6.mcu.externaltools.arm-none.win32_1.15.0.201708311556/tools/compiler/bin/../lib/gcc/arm-none-eabi/6.3.1/../../../../arm-none-eabi/lib/thumb/v7e-m/fpv4-sp/hard\libc_nano.a(lib_a-malloc.o)
                0x080036c0                free
 .text._free_r  0x080036d0       0x9c c:/users/kalli/.p2/pool/plugins/fr.ac6.mcu.externaltools.arm-none.win32_1.15.0.201708311556/tools/compiler/bin/../lib/gcc/arm-none-eabi/6.3.1/../../../../arm-none-eabi/lib/thumb/v7e-m/fpv4-sp/hard\libc_nano.a(lib_a-nano-freer.o)
                0x080036d0                _free_r
 .text._malloc_r
                0x0800376c       0xbc c:/users/kalli/.p2/pool/plugins/fr.ac6.mcu.externaltools.arm-none.win32_1.15.0.201708311556/tools/compiler/bin/../lib/gcc/arm-none-eabi/6.3.1/../../../../arm-none-eabi/lib/thumb/v7e-m/fpv4-sp/hard\libc_nano.a(lib_a-nano-mallocr.o)
                0x0800376c                _malloc_r
 .text._sbrk_r  0x08003828       0x20 c:/users/kalli/.p2/pool/plugins/fr.ac6.mcu.externaltools.arm-none.win32_1.15.0.201708311556/tools/compiler/bin/../lib/gcc/arm-none-eabi/6.3.1/../../../../arm-none-eabi/lib/thumb/v7e-m/fpv4-sp/hard\libc_nano.a(lib_a-sbrkr.o)
                0x08003828                _sbrk_r
 .text.__malloc_lock
                0x08003848        0x2 c:/users/kalli/.p2/pool/plugins/fr.ac6.mcu.externaltools.arm-none.win32_1.15.0.201708311556/tools/compiler/bin/../lib/gcc/arm-none-eabi/6.3.1/../../../../arm-none-eabi/lib/thumb/v7e-m/fpv4-sp/hard\libc_nano.a(lib_a-mlock.o)
                0x08003848                __malloc_lock
 .text.__malloc_unlock
                0x0800384a        0x2 c:/users/kalli/.p2/pool/plugins/fr.ac6.mcu.externaltools.arm-none.win32_1.15.0.201708311556/tools/compiler/bin/../lib/gcc/arm-none-eabi/6.3.1/../../../../arm-none-eabi/lib/thumb/v7e-m/fpv4-sp/hard\libc_nano.a(lib_a-mlock.o)
                0x0800384a                __malloc_unlock
 .text._sbrk    0x0800384c       0x1c c:/users/kalli/.p2/pool/plugins/fr.ac6.mcu.externaltools.arm-none.win32_1.15.0.201708311556/tools/compiler/bin/../lib/gcc/arm-none-eabi/6.3.1/../../../../arm-none-eabi/lib/thumb/v7e-m/fpv4-sp/hard\libnosys.a(sbrk.o)
                0x0800384c                _sbrk
 *(.glue_7)
 .glue_7        0x08003868        0x0 linker stubs
 *(.glue_7t)
 .glue_7t       0x08003868        0x0 linker stubs
 *(.eh_frame)
 .eh_frame      0x08003868        0x0 c:/users/kalli/.p2/pool/plugins/fr.ac6.mcu.externaltools.arm-none.win32_1.15.0.201708311556/tools/compiler/bin/../lib/gcc/arm-none-eabi/6.3.1/thumb/v7e-m/fpv4-sp/hard/crtbegin.o
 *(.init)
 .init          0x08003868        0x4 c:/users/kalli/.p2/pool/plugins/fr.ac6.mcu.externaltools.arm-none.win32_1.15.0.201708311556/tools/compiler/bin/../lib/gcc/arm-none-eabi/6.3.1/thumb/v7e-m/fpv4-sp/hard/crti.o
                0x08003868                _init
 .init          0x0800386c        0x8 c:/users/kalli/.p2/pool/plugins/fr.ac6.mcu.externaltools.arm-none.win32_1.15.0.201708311556/tools/compiler/bin/../lib/gcc/arm-none-eabi/6.3.1/thumb/v7e-m/fpv4-sp/hard/crtn.o
 *(.fini)
 .fini          0x08003874        0x4 c:/users/kalli/.p2/pool/plugins/fr.ac6.mcu.externaltools.arm-none.win32_1.15.0.201708311556/tools/compiler/bin/../lib/gcc/arm-none-eabi/6.3.1/thumb/v7e-m/fpv4-sp/hard/crti.o
                0x08003874                _fini
 .fini          0x08003878        0x8 c:/users/kalli/.p2/pool/plugins/fr.ac6.mcu.externaltools.arm-none.win32_1.15.0.201708311556/tools/compiler/bin/../lib/gcc/arm-none-eabi/6.3.1/thumb/v7e-m/fpv4-sp/hard/crtn.o
                0x08003880                . = ALIGN (0x4)
                0x08003880                _etext = .

.vfp11_veneer   0x08003880        0x0
 .vfp11_veneer  0x08003880        0x0 linker stubs

.v4_bx          0x08003880        0x0
 .v4_bx         0x08003880        0x0 linker stubs

.iplt           0x08003880        0x0
 .iplt          0x08003880        0x0 c:/users/kalli/.p2/pool/plugins/fr.ac6.mcu.externaltools.arm-none.win32_1.15.0.201708311556/tools/compiler/bin/../lib/gcc/arm-none-eabi/6.3.1/thumb/v7e-m/fpv4-sp/hard/crtbegin.o

.rodata         0x08003880       0x38
                0x08003880                . = ALIGN (0x4)
 *(.rodata)
 .rodata        0x08003880       0x18 Src/system_stm32f4xx.o
                0x08003880                AHBPrescTable
                0x08003890                APBPrescTable
 .rodata        0x08003898        0x8 Src/usbh_conf.o
 *(.rodata*)
 .rodata.str1.4
                0x080038a0        0x4 Middlewares/ST/STM32_USB_Host_Library/Class/HID/Src/usbh_hid.o
 .rodata.str1.4
                0x080038a4       0x14 Src/usbh_conf.o
                                 0x13 (size before relaxing)
                0x080038b8                . = ALIGN (0x4)

.rel.dyn        0x080038b8        0x0
 .rel.iplt      0x080038b8        0x0 c:/users/kalli/.p2/pool/plugins/fr.ac6.mcu.externaltools.arm-none.win32_1.15.0.201708311556/tools/compiler/bin/../lib/gcc/arm-none-eabi/6.3.1/thumb/v7e-m/fpv4-sp/hard/crtbegin.o

.ARM.extab
 *(.ARM.extab* .gnu.linkonce.armextab.*)

.ARM            0x080038b8        0x0
                0x080038b8                __exidx_start = .
 *(.ARM.exidx*)
                0x080038b8                __exidx_end = .

.preinit_array  0x080038b8        0x0
                0x080038b8                PROVIDE (__preinit_array_start, .)
 *(.preinit_array*)
                0x080038b8                PROVIDE (__preinit_array_end, .)

.init_array     0x080038b8        0x4
                0x080038b8                PROVIDE (__init_array_start, .)
 *(SORT(.init_array.*))
 *(.init_array*)
 .init_array    0x080038b8        0x4 c:/users/kalli/.p2/pool/plugins/fr.ac6.mcu.externaltools.arm-none.win32_1.15.0.201708311556/tools/compiler/bin/../lib/gcc/arm-none-eabi/6.3.1/thumb/v7e-m/fpv4-sp/hard/crtbegin.o
                0x080038bc                PROVIDE (__init_array_end, .)

.fini_array     0x080038bc        0x4
                [!provide]                PROVIDE (__fini_array_start, .)
 *(SORT(.fini_array.*))
 *(.fini_array*)
 .fini_array    0x080038bc        0x4 c:/users/kalli/.p2/pool/plugins/fr.ac6.mcu.externaltools.arm-none.win32_1.15.0.201708311556/tools/compiler/bin/../lib/gcc/arm-none-eabi/6.3.1/thumb/v7e-m/fpv4-sp/hard/crtbegin.o
                [!provide]                PROVIDE (__fini_array_end, .)
                0x080038c0                _sidata = LOADADDR (.data)

.data           0x20000000       0x88 load address 0x080038c0
                0x20000000                . = ALIGN (0x4)
                0x20000000                _sdata = .
 *(.data)
 .data          0x20000000       0x20 Middlewares/ST/STM32_USB_Host_Library/Class/HID/Src/usbh_hid.o
                0x20000000                HID_Class
 .data          0x20000020        0x4 Src/system_stm32f4xx.o
                0x20000020                SystemCoreClock
 *(.data*)
 .data._impure_ptr
                0x20000024        0x4 c:/users/kalli/.p2/pool/plugins/fr.ac6.mcu.externaltools.arm-none.win32_1.15.0.201708311556/tools/compiler/bin/../lib/gcc/arm-none-eabi/6.3.1/../../../../arm-none-eabi/lib/thumb/v7e-m/fpv4-sp/hard\libc_nano.a(lib_a-impure.o)
                0x20000024                _impure_ptr
 .data.impure_data
                0x20000028       0x60 c:/users/kalli/.p2/pool/plugins/fr.ac6.mcu.externaltools.arm-none.win32_1.15.0.201708311556/tools/compiler/bin/../lib/gcc/arm-none-eabi/6.3.1/../../../../arm-none-eabi/lib/thumb/v7e-m/fpv4-sp/hard\libc_nano.a(lib_a-impure.o)
                0x20000088                . = ALIGN (0x4)
                0x20000088                _edata = .
                0x08003948                _siccmram = LOADADDR (.ccmram)

.jcr            0x20000088        0x0 load address 0x08003948
 .jcr           0x20000088        0x0 c:/users/kalli/.p2/pool/plugins/fr.ac6.mcu.externaltools.arm-none.win32_1.15.0.201708311556/tools/compiler/bin/../lib/gcc/arm-none-eabi/6.3.1/thumb/v7e-m/fpv4-sp/hard/crtbegin.o

.igot.plt       0x20000088        0x0 load address 0x08003948
 .igot.plt      0x20000088        0x0 c:/users/kalli/.p2/pool/plugins/fr.ac6.mcu.externaltools.arm-none.win32_1.15.0.201708311556/tools/compiler/bin/../lib/gcc/arm-none-eabi/6.3.1/thumb/v7e-m/fpv4-sp/hard/crtbegin.o

.ccmram         0x10000000        0x0 load address 0x08003948
                0x10000000                . = ALIGN (0x4)
                0x10000000                _sccmram = .
 *(.ccmram)
 *(.ccmram*)
                0x10000000                . = ALIGN (0x4)
                0x10000000                _eccmram = .
                0x10000000                . = ALIGN (0x4)

.bss            0x20000088      0x700
                0x20000088                _sbss = .
                0x20000088                __bss_start__ = _sbss
 *(.bss)
 .bss           0x20000088       0x1c c:/users/kalli/.p2/pool/plugins/fr.ac6.mcu.externaltools.arm-none.win32_1.15.0.201708311556/tools/compiler/bin/../lib/gcc/arm-none-eabi/6.3.1/thumb/v7e-m/fpv4-sp/hard/crtbegin.o
 .bss           0x200000a4        0x1 Src/usb_host.o
                0x200000a4                Appli_state
 *(.bss*)
 *fill*         0x200000a5        0x3 
 .bss.__malloc_free_list
                0x200000a8        0x4 c:/users/kalli/.p2/pool/plugins/fr.ac6.mcu.externaltools.arm-none.win32_1.15.0.201708311556/tools/compiler/bin/../lib/gcc/arm-none-eabi/6.3.1/../../../../arm-none-eabi/lib/thumb/v7e-m/fpv4-sp/hard\libc_nano.a(lib_a-nano-mallocr.o)
                0x200000a8                __malloc_free_list
 .bss.__malloc_sbrk_start
                0x200000ac        0x4 c:/users/kalli/.p2/pool/plugins/fr.ac6.mcu.externaltools.arm-none.win32_1.15.0.201708311556/tools/compiler/bin/../lib/gcc/arm-none-eabi/6.3.1/../../../../arm-none-eabi/lib/thumb/v7e-m/fpv4-sp/hard\libc_nano.a(lib_a-nano-mallocr.o)
                0x200000ac                __malloc_sbrk_start
 .bss.heap_end.5239
                0x200000b0        0x4 c:/users/kalli/.p2/pool/plugins/fr.ac6.mcu.externaltools.arm-none.win32_1.15.0.201708311556/tools/compiler/bin/../lib/gcc/arm-none-eabi/6.3.1/../../../../arm-none-eabi/lib/thumb/v7e-m/fpv4-sp/hard\libnosys.a(sbrk.o)
 *(COMMON)
 COMMON         0x200000b4        0x4 Drivers/STM32F4xx_HAL_Driver/Src/stm32f4xx_hal.o
                0x200000b4                uwTick
 COMMON         0x200000b8       0x17 Middlewares/ST/STM32_USB_Host_Library/Class/HID/Src/usbh_hid_keybd.o
                0x200000b8                keybd_report_data
                0x200000c0                keybd_info
 *fill*         0x200000cf        0x1 
 COMMON         0x200000d0        0xc Middlewares/ST/STM32_USB_Host_Library/Class/HID/Src/usbh_hid_mouse.o
                0x200000d0                mouse_info
                0x200000d8                mouse_report_data
 COMMON         0x200000dc       0x48 Src/main.o
                0x200000dc                buffer
                0x200000e0                husart2
 COMMON         0x20000124      0x3c8 Src/usb_host.o
                0x20000124                hUsbHostFS
 COMMON         0x200004ec      0x298 Src/usbh_conf.o
                0x200004ec                hhcd_USB_OTG_FS
 COMMON         0x20000784        0x4 c:/users/kalli/.p2/pool/plugins/fr.ac6.mcu.externaltools.arm-none.win32_1.15.0.201708311556/tools/compiler/bin/../lib/gcc/arm-none-eabi/6.3.1/../../../../arm-none-eabi/lib/thumb/v7e-m/fpv4-sp/hard\libc_nano.a(lib_a-reent.o)
                0x20000784                errno
                0x20000788                . = ALIGN (0x4)
                0x20000788                _ebss = .
                0x20000788                __bss_end__ = _ebss

._user_heap_stack
                0x20000788      0x600
                0x20000788                . = ALIGN (0x8)
                0x20000788                PROVIDE (end, .)
                [!provide]                PROVIDE (_end, .)
                0x20000988                . = (. + _Min_Heap_Size)
 *fill*         0x20000788      0x200 
                0x20000d88                . = (. + _Min_Stack_Size)
 *fill*         0x20000988      0x400 
                0x20000d88                . = ALIGN (0x8)

/DISCARD/
 libc.a(*)
 libm.a(*)
 libgcc.a(*)

.ARM.attributes
                0x00000000       0x30
 *(.ARM.attributes)
 .ARM.attributes
                0x00000000       0x22 c:/users/kalli/.p2/pool/plugins/fr.ac6.mcu.externaltools.arm-none.win32_1.15.0.201708311556/tools/compiler/bin/../lib/gcc/arm-none-eabi/6.3.1/thumb/v7e-m/fpv4-sp/hard/crti.o
 .ARM.attributes
                0x00000022       0x34 c:/users/kalli/.p2/pool/plugins/fr.ac6.mcu.externaltools.arm-none.win32_1.15.0.201708311556/tools/compiler/bin/../lib/gcc/arm-none-eabi/6.3.1/thumb/v7e-m/fpv4-sp/hard/crtbegin.o
 .ARM.attributes
                0x00000056       0x39 Drivers/STM32F4xx_HAL_Driver/Src/stm32f4xx_hal.o
 .ARM.attributes
                0x0000008f       0x39 Drivers/STM32F4xx_HAL_Driver/Src/stm32f4xx_hal_cortex.o
 .ARM.attributes
                0x000000c8       0x39 Drivers/STM32F4xx_HAL_Driver/Src/stm32f4xx_hal_gpio.o
 .ARM.attributes
                0x00000101       0x39 Drivers/STM32F4xx_HAL_Driver/Src/stm32f4xx_hal_hcd.o
 .ARM.attributes
                0x0000013a       0x39 Drivers/STM32F4xx_HAL_Driver/Src/stm32f4xx_hal_rcc.o
 .ARM.attributes
                0x00000173       0x39 Drivers/STM32F4xx_HAL_Driver/Src/stm32f4xx_hal_usart.o
 .ARM.attributes
                0x000001ac       0x39 Drivers/STM32F4xx_HAL_Driver/Src/stm32f4xx_ll_usb.o
 .ARM.attributes
                0x000001e5       0x39 Middlewares/ST/STM32_USB_Host_Library/Class/HID/Src/usbh_hid.o
 .ARM.attributes
                0x0000021e       0x39 Middlewares/ST/STM32_USB_Host_Library/Class/HID/Src/usbh_hid_keybd.o
 .ARM.attributes
                0x00000257       0x39 Middlewares/ST/STM32_USB_Host_Library/Class/HID/Src/usbh_hid_mouse.o
 .ARM.attributes
                0x00000290       0x39 Middlewares/ST/STM32_USB_Host_Library/Core/Src/usbh_core.o
 .ARM.attributes
                0x000002c9       0x39 Middlewares/ST/STM32_USB_Host_Library/Core/Src/usbh_ctlreq.o
 .ARM.attributes
                0x00000302       0x39 Middlewares/ST/STM32_USB_Host_Library/Core/Src/usbh_ioreq.o
 .ARM.attributes
                0x0000033b       0x39 Middlewares/ST/STM32_USB_Host_Library/Core/Src/usbh_pipes.o
 .ARM.attributes
                0x00000374       0x39 Src/main.o
 .ARM.attributes
                0x000003ad       0x39 Src/stm32f4xx_hal_msp.o
 .ARM.attributes
                0x000003e6       0x39 Src/stm32f4xx_it.o
 .ARM.attributes
                0x0000041f       0x39 Src/system_stm32f4xx.o
 .ARM.attributes
                0x00000458       0x39 Src/usb_host.o
 .ARM.attributes
                0x00000491       0x39 Src/usbh_conf.o
 .ARM.attributes
                0x000004ca       0x21 startup/startup_stm32f407xx.o
 .ARM.attributes
                0x000004eb       0x34 c:/users/kalli/.p2/pool/plugins/fr.ac6.mcu.externaltools.arm-none.win32_1.15.0.201708311556/tools/compiler/bin/../lib/gcc/arm-none-eabi/6.3.1/../../../../arm-none-eabi/lib/thumb/v7e-m/fpv4-sp/hard\libc_nano.a(lib_a-impure.o)
 .ARM.attributes
                0x0000051f       0x34 c:/users/kalli/.p2/pool/plugins/fr.ac6.mcu.externaltools.arm-none.win32_1.15.0.201708311556/tools/compiler/bin/../lib/gcc/arm-none-eabi/6.3.1/../../../../arm-none-eabi/lib/thumb/v7e-m/fpv4-sp/hard\libc_nano.a(lib_a-init.o)
 .ARM.attributes
                0x00000553       0x34 c:/users/kalli/.p2/pool/plugins/fr.ac6.mcu.externaltools.arm-none.win32_1.15.0.201708311556/tools/compiler/bin/../lib/gcc/arm-none-eabi/6.3.1/../../../../arm-none-eabi/lib/thumb/v7e-m/fpv4-sp/hard\libc_nano.a(lib_a-malloc.o)
 .ARM.attributes
                0x00000587       0x34 c:/users/kalli/.p2/pool/plugins/fr.ac6.mcu.externaltools.arm-none.win32_1.15.0.201708311556/tools/compiler/bin/../lib/gcc/arm-none-eabi/6.3.1/../../../../arm-none-eabi/lib/thumb/v7e-m/fpv4-sp/hard\libc_nano.a(lib_a-nano-freer.o)
 .ARM.attributes
                0x000005bb       0x34 c:/users/kalli/.p2/pool/plugins/fr.ac6.mcu.externaltools.arm-none.win32_1.15.0.201708311556/tools/compiler/bin/../lib/gcc/arm-none-eabi/6.3.1/../../../../arm-none-eabi/lib/thumb/v7e-m/fpv4-sp/hard\libc_nano.a(lib_a-nano-mallocr.o)
 .ARM.attributes
                0x000005ef       0x34 c:/users/kalli/.p2/pool/plugins/fr.ac6.mcu.externaltools.arm-none.win32_1.15.0.201708311556/tools/compiler/bin/../lib/gcc/arm-none-eabi/6.3.1/../../../../arm-none-eabi/lib/thumb/v7e-m/fpv4-sp/hard\libc_nano.a(lib_a-sbrkr.o)
 .ARM.attributes
                0x00000623       0x34 c:/users/kalli/.p2/pool/plugins/fr.ac6.mcu.externaltools.arm-none.win32_1.15.0.201708311556/tools/compiler/bin/../lib/gcc/arm-none-eabi/6.3.1/../../../../arm-none-eabi/lib/thumb/v7e-m/fpv4-sp/hard\libc_nano.a(lib_a-mlock.o)
 .ARM.attributes
                0x00000657       0x34 c:/users/kalli/.p2/pool/plugins/fr.ac6.mcu.externaltools.arm-none.win32_1.15.0.201708311556/tools/compiler/bin/../lib/gcc/arm-none-eabi/6.3.1/../../../../arm-none-eabi/lib/thumb/v7e-m/fpv4-sp/hard\libc_nano.a(lib_a-reent.o)
 .ARM.attributes
                0x0000068b       0x34 c:/users/kalli/.p2/pool/plugins/fr.ac6.mcu.externaltools.arm-none.win32_1.15.0.201708311556/tools/compiler/bin/../lib/gcc/arm-none-eabi/6.3.1/../../../../arm-none-eabi/lib/thumb/v7e-m/fpv4-sp/hard\libnosys.a(sbrk.o)
 .ARM.attributes
                0x000006bf       0x22 c:/users/kalli/.p2/pool/plugins/fr.ac6.mcu.externaltools.arm-none.win32_1.15.0.201708311556/tools/compiler/bin/../lib/gcc/arm-none-eabi/6.3.1/thumb/v7e-m/fpv4-sp/hard/crtn.o
OUTPUT(USB.elf elf32-littlearm)

.debug_info     0x00000000    0x1e2a7
 .debug_info    0x00000000     0x119a Drivers/STM32F4xx_HAL_Driver/Src/stm32f4xx_hal.o
 .debug_info    0x0000119a     0x175c Drivers/STM32F4xx_HAL_Driver/Src/stm32f4xx_hal_cortex.o
 .debug_info    0x000028f6      0xf9c Drivers/STM32F4xx_HAL_Driver/Src/stm32f4xx_hal_gpio.o
 .debug_info    0x00003892     0x19a6 Drivers/STM32F4xx_HAL_Driver/Src/stm32f4xx_hal_hcd.o
 .debug_info    0x00005238     0x14ef Drivers/STM32F4xx_HAL_Driver/Src/stm32f4xx_hal_rcc.o
 .debug_info    0x00006727     0x25f1 Drivers/STM32F4xx_HAL_Driver/Src/stm32f4xx_hal_usart.o
 .debug_info    0x00008d18     0x210d Drivers/STM32F4xx_HAL_Driver/Src/stm32f4xx_ll_usb.o
 .debug_info    0x0000ae25     0x1e58 Middlewares/ST/STM32_USB_Host_Library/Class/HID/Src/usbh_hid.o
 .debug_info    0x0000cc7d     0x1830 Middlewares/ST/STM32_USB_Host_Library/Class/HID/Src/usbh_hid_keybd.o
 .debug_info    0x0000e4ad     0x1676 Middlewares/ST/STM32_USB_Host_Library/Class/HID/Src/usbh_hid_mouse.o
 .debug_info    0x0000fb23     0x1ac9 Middlewares/ST/STM32_USB_Host_Library/Core/Src/usbh_core.o
 .debug_info    0x000115ec     0x1c01 Middlewares/ST/STM32_USB_Host_Library/Core/Src/usbh_ctlreq.o
 .debug_info    0x000131ed     0x165e Middlewares/ST/STM32_USB_Host_Library/Core/Src/usbh_ioreq.o
 .debug_info    0x0001484b     0x12fa Middlewares/ST/STM32_USB_Host_Library/Core/Src/usbh_pipes.o
 .debug_info    0x00015b45     0x2051 Src/main.o
 .debug_info    0x00017b96     0x1462 Src/stm32f4xx_hal_msp.o
 .debug_info    0x00018ff8      0xea7 Src/stm32f4xx_it.o
 .debug_info    0x00019e9f      0xd30 Src/system_stm32f4xx.o
 .debug_info    0x0001abcf     0x126a Src/usb_host.o
 .debug_info    0x0001be39     0x23fe Src/usbh_conf.o
 .debug_info    0x0001e237       0x70 startup/startup_stm32f407xx.o

.debug_abbrev   0x00000000     0x42d8
 .debug_abbrev  0x00000000      0x35f Drivers/STM32F4xx_HAL_Driver/Src/stm32f4xx_hal.o
 .debug_abbrev  0x0000035f      0x3c5 Drivers/STM32F4xx_HAL_Driver/Src/stm32f4xx_hal_cortex.o
 .debug_abbrev  0x00000724      0x2a3 Drivers/STM32F4xx_HAL_Driver/Src/stm32f4xx_hal_gpio.o
 .debug_abbrev  0x000009c7      0x3b7 Drivers/STM32F4xx_HAL_Driver/Src/stm32f4xx_hal_hcd.o
 .debug_abbrev  0x00000d7e      0x3ee Drivers/STM32F4xx_HAL_Driver/Src/stm32f4xx_hal_rcc.o
 .debug_abbrev  0x0000116c      0x457 Drivers/STM32F4xx_HAL_Driver/Src/stm32f4xx_hal_usart.o
 .debug_abbrev  0x000015c3      0x416 Drivers/STM32F4xx_HAL_Driver/Src/stm32f4xx_ll_usb.o
 .debug_abbrev  0x000019d9      0x454 Middlewares/ST/STM32_USB_Host_Library/Class/HID/Src/usbh_hid.o
 .debug_abbrev  0x00001e2d      0x330 Middlewares/ST/STM32_USB_Host_Library/Class/HID/Src/usbh_hid_keybd.o
 .debug_abbrev  0x0000215d      0x305 Middlewares/ST/STM32_USB_Host_Library/Class/HID/Src/usbh_hid_mouse.o
 .debug_abbrev  0x00002462      0x44f Middlewares/ST/STM32_USB_Host_Library/Core/Src/usbh_core.o
 .debug_abbrev  0x000028b1      0x414 Middlewares/ST/STM32_USB_Host_Library/Core/Src/usbh_ctlreq.o
 .debug_abbrev  0x00002cc5      0x27f Middlewares/ST/STM32_USB_Host_Library/Core/Src/usbh_ioreq.o
 .debug_abbrev  0x00002f44      0x2d6 Middlewares/ST/STM32_USB_Host_Library/Core/Src/usbh_pipes.o
 .debug_abbrev  0x0000321a      0x389 Src/main.o
 .debug_abbrev  0x000035a3      0x25e Src/stm32f4xx_hal_msp.o
 .debug_abbrev  0x00003801      0x277 Src/stm32f4xx_it.o
 .debug_abbrev  0x00003a78      0x205 Src/system_stm32f4xx.o
 .debug_abbrev  0x00003c7d      0x2a9 Src/usb_host.o
 .debug_abbrev  0x00003f26      0x3a0 Src/usbh_conf.o
 .debug_abbrev  0x000042c6       0x12 startup/startup_stm32f407xx.o

.debug_loc      0x00000000     0x7c3f
 .debug_loc     0x00000000       0x91 Drivers/STM32F4xx_HAL_Driver/Src/stm32f4xx_hal.o
 .debug_loc     0x00000091      0x63a Drivers/STM32F4xx_HAL_Driver/Src/stm32f4xx_hal_cortex.o
 .debug_loc     0x000006cb      0x444 Drivers/STM32F4xx_HAL_Driver/Src/stm32f4xx_hal_gpio.o
 .debug_loc     0x00000b0f      0xaaf Drivers/STM32F4xx_HAL_Driver/Src/stm32f4xx_hal_hcd.o
 .debug_loc     0x000015be      0x4f0 Drivers/STM32F4xx_HAL_Driver/Src/stm32f4xx_hal_rcc.o
 .debug_loc     0x00001aae     0x1524 Drivers/STM32F4xx_HAL_Driver/Src/stm32f4xx_hal_usart.o
 .debug_loc     0x00002fd2     0x1a04 Drivers/STM32F4xx_HAL_Driver/Src/stm32f4xx_ll_usb.o
 .debug_loc     0x000049d6      0x9a0 Middlewares/ST/STM32_USB_Host_Library/Class/HID/Src/usbh_hid.o
 .debug_loc     0x00005376      0x16c Middlewares/ST/STM32_USB_Host_Library/Class/HID/Src/usbh_hid_keybd.o
 .debug_loc     0x000054e2       0xd4 Middlewares/ST/STM32_USB_Host_Library/Class/HID/Src/usbh_hid_mouse.o
 .debug_loc     0x000055b6      0x84c Middlewares/ST/STM32_USB_Host_Library/Core/Src/usbh_core.o
 .debug_loc     0x00005e02      0xdf4 Middlewares/ST/STM32_USB_Host_Library/Core/Src/usbh_ctlreq.o
 .debug_loc     0x00006bf6      0x52d Middlewares/ST/STM32_USB_Host_Library/Core/Src/usbh_ioreq.o
 .debug_loc     0x00007123      0x18f Middlewares/ST/STM32_USB_Host_Library/Core/Src/usbh_pipes.o
 .debug_loc     0x000072b2       0x42 Src/stm32f4xx_hal_msp.o
 .debug_loc     0x000072f4      0x14c Src/system_stm32f4xx.o
 .debug_loc     0x00007440      0x7ff Src/usbh_conf.o

.debug_aranges  0x00000000      0x9e8
 .debug_aranges
                0x00000000       0xc0 Drivers/STM32F4xx_HAL_Driver/Src/stm32f4xx_hal.o
 .debug_aranges
                0x000000c0       0xa8 Drivers/STM32F4xx_HAL_Driver/Src/stm32f4xx_hal_cortex.o
 .debug_aranges
                0x00000168       0x58 Drivers/STM32F4xx_HAL_Driver/Src/stm32f4xx_hal_gpio.o
 .debug_aranges
                0x000001c0       0xa0 Drivers/STM32F4xx_HAL_Driver/Src/stm32f4xx_hal_hcd.o
 .debug_aranges
                0x00000260       0x80 Drivers/STM32F4xx_HAL_Driver/Src/stm32f4xx_hal_rcc.o
 .debug_aranges
                0x000002e0      0x110 Drivers/STM32F4xx_HAL_Driver/Src/stm32f4xx_hal_usart.o
 .debug_aranges
                0x000003f0      0x178 Drivers/STM32F4xx_HAL_Driver/Src/stm32f4xx_ll_usb.o
 .debug_aranges
                0x00000568       0xa0 Middlewares/ST/STM32_USB_Host_Library/Class/HID/Src/usbh_hid.o
 .debug_aranges
                0x00000608       0x30 Middlewares/ST/STM32_USB_Host_Library/Class/HID/Src/usbh_hid_keybd.o
 .debug_aranges
                0x00000638       0x28 Middlewares/ST/STM32_USB_Host_Library/Class/HID/Src/usbh_hid_mouse.o
 .debug_aranges
                0x00000660       0x90 Middlewares/ST/STM32_USB_Host_Library/Core/Src/usbh_core.o
 .debug_aranges
                0x000006f0       0x70 Middlewares/ST/STM32_USB_Host_Library/Core/Src/usbh_ctlreq.o
 .debug_aranges
                0x00000760       0x60 Middlewares/ST/STM32_USB_Host_Library/Core/Src/usbh_ioreq.o
 .debug_aranges
                0x000007c0       0x38 Middlewares/ST/STM32_USB_Host_Library/Core/Src/usbh_pipes.o
 .debug_aranges
                0x000007f8       0x30 Src/main.o
 .debug_aranges
                0x00000828       0x30 Src/stm32f4xx_hal_msp.o
 .debug_aranges
                0x00000858       0x50 Src/stm32f4xx_it.o
 .debug_aranges
                0x000008a8       0x28 Src/system_stm32f4xx.o
 .debug_aranges
                0x000008d0       0x30 Src/usb_host.o
 .debug_aranges
                0x00000900       0xc0 Src/usbh_conf.o
 .debug_aranges
                0x000009c0       0x28 startup/startup_stm32f407xx.o

.debug_ranges   0x00000000      0xec8
 .debug_ranges  0x00000000       0xb0 Drivers/STM32F4xx_HAL_Driver/Src/stm32f4xx_hal.o
 .debug_ranges  0x000000b0      0x160 Drivers/STM32F4xx_HAL_Driver/Src/stm32f4xx_hal_cortex.o
 .debug_ranges  0x00000210       0x68 Drivers/STM32F4xx_HAL_Driver/Src/stm32f4xx_hal_gpio.o
 .debug_ranges  0x00000278      0x160 Drivers/STM32F4xx_HAL_Driver/Src/stm32f4xx_hal_hcd.o
 .debug_ranges  0x000003d8      0x188 Drivers/STM32F4xx_HAL_Driver/Src/stm32f4xx_hal_rcc.o
 .debug_ranges  0x00000560      0x1a0 Drivers/STM32F4xx_HAL_Driver/Src/stm32f4xx_hal_usart.o
 .debug_ranges  0x00000700      0x1a0 Drivers/STM32F4xx_HAL_Driver/Src/stm32f4xx_ll_usb.o
 .debug_ranges  0x000008a0       0xb0 Middlewares/ST/STM32_USB_Host_Library/Class/HID/Src/usbh_hid.o
 .debug_ranges  0x00000950       0x40 Middlewares/ST/STM32_USB_Host_Library/Class/HID/Src/usbh_hid_keybd.o
 .debug_ranges  0x00000990       0x40 Middlewares/ST/STM32_USB_Host_Library/Class/HID/Src/usbh_hid_mouse.o
 .debug_ranges  0x000009d0       0xd8 Middlewares/ST/STM32_USB_Host_Library/Core/Src/usbh_core.o
 .debug_ranges  0x00000aa8      0x148 Middlewares/ST/STM32_USB_Host_Library/Core/Src/usbh_ctlreq.o
 .debug_ranges  0x00000bf0       0x50 Middlewares/ST/STM32_USB_Host_Library/Core/Src/usbh_ioreq.o
 .debug_ranges  0x00000c40       0x28 Middlewares/ST/STM32_USB_Host_Library/Core/Src/usbh_pipes.o
 .debug_ranges  0x00000c68       0xb8 Src/main.o
 .debug_ranges  0x00000d20       0x48 Src/stm32f4xx_hal_msp.o
 .debug_ranges  0x00000d68       0x40 Src/stm32f4xx_it.o
 .debug_ranges  0x00000da8       0x18 Src/system_stm32f4xx.o
 .debug_ranges  0x00000dc0       0x20 Src/usb_host.o
 .debug_ranges  0x00000de0       0xc8 Src/usbh_conf.o
 .debug_ranges  0x00000ea8       0x20 startup/startup_stm32f407xx.o

.debug_macro    0x00000000    0x23b68
 .debug_macro   0x00000000      0x379 Drivers/STM32F4xx_HAL_Driver/Src/stm32f4xx_hal.o
 .debug_macro   0x00000379      0x8bc Drivers/STM32F4xx_HAL_Driver/Src/stm32f4xx_hal.o
 .debug_macro   0x00000c35      0x19d Drivers/STM32F4xx_HAL_Driver/Src/stm32f4xx_hal.o
 .debug_macro   0x00000dd2      0x180 Drivers/STM32F4xx_HAL_Driver/Src/stm32f4xx_hal.o
 .debug_macro   0x00000f52       0x33 Drivers/STM32F4xx_HAL_Driver/Src/stm32f4xx_hal.o
 .debug_macro   0x00000f85       0x28 Drivers/STM32F4xx_HAL_Driver/Src/stm32f4xx_hal.o
 .debug_macro   0x00000fad       0x22 Drivers/STM32F4xx_HAL_Driver/Src/stm32f4xx_hal.o
 .debug_macro   0x00000fcf       0x87 Drivers/STM32F4xx_HAL_Driver/Src/stm32f4xx_hal.o
 .debug_macro   0x00001056       0x51 Drivers/STM32F4xx_HAL_Driver/Src/stm32f4xx_hal.o
 .debug_macro   0x000010a7       0xef Drivers/STM32F4xx_HAL_Driver/Src/stm32f4xx_hal.o
 .debug_macro   0x00001196       0x6a Drivers/STM32F4xx_HAL_Driver/Src/stm32f4xx_hal.o
 .debug_macro   0x00001200      0x1df Drivers/STM32F4xx_HAL_Driver/Src/stm32f4xx_hal.o
 .debug_macro   0x000013df       0x35 Drivers/STM32F4xx_HAL_Driver/Src/stm32f4xx_hal.o
 .debug_macro   0x00001414       0x50 Drivers/STM32F4xx_HAL_Driver/Src/stm32f4xx_hal.o
 .debug_macro   0x00001464      0xe66 Drivers/STM32F4xx_HAL_Driver/Src/stm32f4xx_hal.o
 .debug_macro   0x000022ca    0x15e04 Drivers/STM32F4xx_HAL_Driver/Src/stm32f4xx_hal.o
 .debug_macro   0x000180ce       0x43 Drivers/STM32F4xx_HAL_Driver/Src/stm32f4xx_hal.o
 .debug_macro   0x00018111     0x3574 Drivers/STM32F4xx_HAL_Driver/Src/stm32f4xx_hal.o
 .debug_macro   0x0001b685       0x58 Drivers/STM32F4xx_HAL_Driver/Src/stm32f4xx_hal.o
 .debug_macro   0x0001b6dd       0x35 Drivers/STM32F4xx_HAL_Driver/Src/stm32f4xx_hal.o
 .debug_macro   0x0001b712       0x9c Drivers/STM32F4xx_HAL_Driver/Src/stm32f4xx_hal.o
 .debug_macro   0x0001b7ae       0x16 Drivers/STM32F4xx_HAL_Driver/Src/stm32f4xx_hal.o
 .debug_macro   0x0001b7c4       0x97 Drivers/STM32F4xx_HAL_Driver/Src/stm32f4xx_hal.o
 .debug_macro   0x0001b85b      0x330 Drivers/STM32F4xx_HAL_Driver/Src/stm32f4xx_hal.o
 .debug_macro   0x0001bb8b       0xfd Drivers/STM32F4xx_HAL_Driver/Src/stm32f4xx_hal.o
 .debug_macro   0x0001bc88       0x10 Drivers/STM32F4xx_HAL_Driver/Src/stm32f4xx_hal.o
 .debug_macro   0x0001bc98       0x58 Drivers/STM32F4xx_HAL_Driver/Src/stm32f4xx_hal.o
 .debug_macro   0x0001bcf0       0x1f Drivers/STM32F4xx_HAL_Driver/Src/stm32f4xx_hal.o
 .debug_macro   0x0001bd0f       0x43 Drivers/STM32F4xx_HAL_Driver/Src/stm32f4xx_hal.o
 .debug_macro   0x0001bd52       0x20 Drivers/STM32F4xx_HAL_Driver/Src/stm32f4xx_hal.o
 .debug_macro   0x0001bd72      0x187 Drivers/STM32F4xx_HAL_Driver/Src/stm32f4xx_hal.o
 .debug_macro   0x0001bef9       0x10 Drivers/STM32F4xx_HAL_Driver/Src/stm32f4xx_hal.o
 .debug_macro   0x0001bf09       0x1c Drivers/STM32F4xx_HAL_Driver/Src/stm32f4xx_hal.o
 .debug_macro   0x0001bf25       0x52 Drivers/STM32F4xx_HAL_Driver/Src/stm32f4xx_hal.o
 .debug_macro   0x0001bf77       0x40 Drivers/STM32F4xx_HAL_Driver/Src/stm32f4xx_hal.o
 .debug_macro   0x0001bfb7       0x10 Drivers/STM32F4xx_HAL_Driver/Src/stm32f4xx_hal.o
 .debug_macro   0x0001bfc7       0x40 Drivers/STM32F4xx_HAL_Driver/Src/stm32f4xx_hal.o
 .debug_macro   0x0001c007       0xd7 Drivers/STM32F4xx_HAL_Driver/Src/stm32f4xx_hal.o
 .debug_macro   0x0001c0de       0x16 Drivers/STM32F4xx_HAL_Driver/Src/stm32f4xx_hal.o
 .debug_macro   0x0001c0f4      0x18b Drivers/STM32F4xx_HAL_Driver/Src/stm32f4xx_hal.o
 .debug_macro   0x0001c27f       0x50 Drivers/STM32F4xx_HAL_Driver/Src/stm32f4xx_hal.o
 .debug_macro   0x0001c2cf      0x96b Drivers/STM32F4xx_HAL_Driver/Src/stm32f4xx_hal.o
 .debug_macro   0x0001cc3a      0x9e1 Drivers/STM32F4xx_HAL_Driver/Src/stm32f4xx_hal.o
 .debug_macro   0x0001d61b      0x11e Drivers/STM32F4xx_HAL_Driver/Src/stm32f4xx_hal.o
 .debug_macro   0x0001d739      0x13e Drivers/STM32F4xx_HAL_Driver/Src/stm32f4xx_hal.o
 .debug_macro   0x0001d877       0x27 Drivers/STM32F4xx_HAL_Driver/Src/stm32f4xx_hal.o
 .debug_macro   0x0001d89e      0x287 Drivers/STM32F4xx_HAL_Driver/Src/stm32f4xx_hal.o
 .debug_macro   0x0001db25       0x5f Drivers/STM32F4xx_HAL_Driver/Src/stm32f4xx_hal.o
 .debug_macro   0x0001db84      0x23a Drivers/STM32F4xx_HAL_Driver/Src/stm32f4xx_hal.o
 .debug_macro   0x0001ddbe      0x133 Drivers/STM32F4xx_HAL_Driver/Src/stm32f4xx_hal.o
 .debug_macro   0x0001def1      0x21e Drivers/STM32F4xx_HAL_Driver/Src/stm32f4xx_hal.o
 .debug_macro   0x0001e10f       0x2e Drivers/STM32F4xx_HAL_Driver/Src/stm32f4xx_hal.o
 .debug_macro   0x0001e13d      0x11e Drivers/STM32F4xx_HAL_Driver/Src/stm32f4xx_hal.o
 .debug_macro   0x0001e25b       0x7f Drivers/STM32F4xx_HAL_Driver/Src/stm32f4xx_hal.o
 .debug_macro   0x0001e2da       0x89 Drivers/STM32F4xx_HAL_Driver/Src/stm32f4xx_hal.o
 .debug_macro   0x0001e363      0x225 Drivers/STM32F4xx_HAL_Driver/Src/stm32f4xx_hal.o
 .debug_macro   0x0001e588      0x1df Drivers/STM32F4xx_HAL_Driver/Src/stm32f4xx_hal.o
 .debug_macro   0x0001e767       0x68 Drivers/STM32F4xx_HAL_Driver/Src/stm32f4xx_hal.o
 .debug_macro   0x0001e7cf      0x125 Drivers/STM32F4xx_HAL_Driver/Src/stm32f4xx_hal.o
 .debug_macro   0x0001e8f4      0x319 Drivers/STM32F4xx_HAL_Driver/Src/stm32f4xx_hal_cortex.o
 .debug_macro   0x0001ec0d      0x351 Drivers/STM32F4xx_HAL_Driver/Src/stm32f4xx_hal_gpio.o
 .debug_macro   0x0001ef5e      0x319 Drivers/STM32F4xx_HAL_Driver/Src/stm32f4xx_hal_hcd.o
 .debug_macro   0x0001f277      0x343 Drivers/STM32F4xx_HAL_Driver/Src/stm32f4xx_hal_rcc.o
 .debug_macro   0x0001f5ba      0x3fb Drivers/STM32F4xx_HAL_Driver/Src/stm32f4xx_hal_usart.o
 .debug_macro   0x0001f9b5       0x16 Drivers/STM32F4xx_HAL_Driver/Src/stm32f4xx_hal_usart.o
 .debug_macro   0x0001f9cb       0x35 Drivers/STM32F4xx_HAL_Driver/Src/stm32f4xx_hal_usart.o
 .debug_macro   0x0001fa00       0x16 Drivers/STM32F4xx_HAL_Driver/Src/stm32f4xx_hal_usart.o
 .debug_macro   0x0001fa16       0x29 Drivers/STM32F4xx_HAL_Driver/Src/stm32f4xx_hal_usart.o
 .debug_macro   0x0001fa3f       0x16 Drivers/STM32F4xx_HAL_Driver/Src/stm32f4xx_hal_usart.o
 .debug_macro   0x0001fa55       0x72 Drivers/STM32F4xx_HAL_Driver/Src/stm32f4xx_hal_usart.o
 .debug_macro   0x0001fac7      0x20c Drivers/STM32F4xx_HAL_Driver/Src/stm32f4xx_hal_usart.o
 .debug_macro   0x0001fcd3       0x2e Drivers/STM32F4xx_HAL_Driver/Src/stm32f4xx_hal_usart.o
 .debug_macro   0x0001fd01       0x28 Drivers/STM32F4xx_HAL_Driver/Src/stm32f4xx_hal_usart.o
 .debug_macro   0x0001fd29       0x28 Drivers/STM32F4xx_HAL_Driver/Src/stm32f4xx_hal_usart.o
 .debug_macro   0x0001fd51      0x5be Drivers/STM32F4xx_HAL_Driver/Src/stm32f4xx_hal_usart.o
 .debug_macro   0x0002030f      0x12f Drivers/STM32F4xx_HAL_Driver/Src/stm32f4xx_hal_usart.o
 .debug_macro   0x0002043e      0x320 Drivers/STM32F4xx_HAL_Driver/Src/stm32f4xx_ll_usb.o
 .debug_macro   0x0002075e      0x3f8 Middlewares/ST/STM32_USB_Host_Library/Class/HID/Src/usbh_hid.o
 .debug_macro   0x00020b56       0x52 Middlewares/ST/STM32_USB_Host_Library/Class/HID/Src/usbh_hid.o
 .debug_macro   0x00020ba8       0x8d Middlewares/ST/STM32_USB_Host_Library/Class/HID/Src/usbh_hid.o
 .debug_macro   0x00020c35       0x57 Middlewares/ST/STM32_USB_Host_Library/Class/HID/Src/usbh_hid.o
 .debug_macro   0x00020c8c      0x25c Middlewares/ST/STM32_USB_Host_Library/Class/HID/Src/usbh_hid.o
 .debug_macro   0x00020ee8      0x434 Middlewares/ST/STM32_USB_Host_Library/Class/HID/Src/usbh_hid_keybd.o
 .debug_macro   0x0002131c      0x3fc Middlewares/ST/STM32_USB_Host_Library/Class/HID/Src/usbh_hid_mouse.o
 .debug_macro   0x00021718      0x3c7 Middlewares/ST/STM32_USB_Host_Library/Core/Src/usbh_core.o
 .debug_macro   0x00021adf      0x3bf Middlewares/ST/STM32_USB_Host_Library/Core/Src/usbh_ctlreq.o
 .debug_macro   0x00021e9e       0x22 Middlewares/ST/STM32_USB_Host_Library/Core/Src/usbh_ctlreq.o
 .debug_macro   0x00021ec0      0x3b9 Middlewares/ST/STM32_USB_Host_Library/Core/Src/usbh_ioreq.o
 .debug_macro   0x00022279      0x3b9 Middlewares/ST/STM32_USB_Host_Library/Core/Src/usbh_pipes.o
 .debug_macro   0x00022632      0x431 Src/main.o
 .debug_macro   0x00022a63      0x319 Src/stm32f4xx_hal_msp.o
 .debug_macro   0x00022d7c      0x323 Src/stm32f4xx_it.o
 .debug_macro   0x0002309f      0x31f Src/system_stm32f4xx.o
 .debug_macro   0x000233be      0x3f5 Src/usb_host.o
 .debug_macro   0x000237b3      0x3b5 Src/usbh_conf.o

.debug_line     0x00000000     0xd592
 .debug_line    0x00000000      0x943 Drivers/STM32F4xx_HAL_Driver/Src/stm32f4xx_hal.o
 .debug_line    0x00000943      0xa02 Drivers/STM32F4xx_HAL_Driver/Src/stm32f4xx_hal_cortex.o
 .debug_line    0x00001345      0x9a2 Drivers/STM32F4xx_HAL_Driver/Src/stm32f4xx_hal_gpio.o
 .debug_line    0x00001ce7      0xbad Drivers/STM32F4xx_HAL_Driver/Src/stm32f4xx_hal_hcd.o
 .debug_line    0x00002894      0xb75 Drivers/STM32F4xx_HAL_Driver/Src/stm32f4xx_hal_rcc.o
 .debug_line    0x00003409     0x13bc Drivers/STM32F4xx_HAL_Driver/Src/stm32f4xx_hal_usart.o
 .debug_line    0x000047c5      0xee0 Drivers/STM32F4xx_HAL_Driver/Src/stm32f4xx_ll_usb.o
 .debug_line    0x000056a5      0xc90 Middlewares/ST/STM32_USB_Host_Library/Class/HID/Src/usbh_hid.o
 .debug_line    0x00006335      0x9f2 Middlewares/ST/STM32_USB_Host_Library/Class/HID/Src/usbh_hid_keybd.o
 .debug_line    0x00006d27      0x9c1 Middlewares/ST/STM32_USB_Host_Library/Class/HID/Src/usbh_hid_mouse.o
 .debug_line    0x000076e8      0xb2c Middlewares/ST/STM32_USB_Host_Library/Core/Src/usbh_core.o
 .debug_line    0x00008214      0xb66 Middlewares/ST/STM32_USB_Host_Library/Core/Src/usbh_ctlreq.o
 .debug_line    0x00008d7a      0x96c Middlewares/ST/STM32_USB_Host_Library/Core/Src/usbh_ioreq.o
 .debug_line    0x000096e6      0x8fa Middlewares/ST/STM32_USB_Host_Library/Core/Src/usbh_pipes.o
 .debug_line    0x00009fe0      0x9b1 Src/main.o
 .debug_line    0x0000a991      0x7f6 Src/stm32f4xx_hal_msp.o
 .debug_line    0x0000b187      0x80a Src/stm32f4xx_it.o
 .debug_line    0x0000b991      0x7dd Src/system_stm32f4xx.o
 .debug_line    0x0000c16e      0x954 Src/usb_host.o
 .debug_line    0x0000cac2      0xa51 Src/usbh_conf.o
 .debug_line    0x0000d513       0x7f startup/startup_stm32f407xx.o

.debug_str      0x00000000    0xc2409
 .debug_str     0x00000000    0xbb63a Drivers/STM32F4xx_HAL_Driver/Src/stm32f4xx_hal.o
                              0xbba2a (size before relaxing)
 .debug_str     0x000bb63a      0x3a7 Drivers/STM32F4xx_HAL_Driver/Src/stm32f4xx_hal_cortex.o
                              0xbb7f0 (size before relaxing)
 .debug_str     0x000bb9e1      0x28c Drivers/STM32F4xx_HAL_Driver/Src/stm32f4xx_hal_gpio.o
                              0xbb17e (size before relaxing)
 .debug_str     0x000bbc6d      0x847 Drivers/STM32F4xx_HAL_Driver/Src/stm32f4xx_hal_hcd.o
                              0xbb685 (size before relaxing)
 .debug_str     0x000bc4b4      0x380 Drivers/STM32F4xx_HAL_Driver/Src/stm32f4xx_hal_rcc.o
                              0xbb34f (size before relaxing)
 .debug_str     0x000bc834     0x371e Drivers/STM32F4xx_HAL_Driver/Src/stm32f4xx_hal_usart.o
                              0xbe652 (size before relaxing)
 .debug_str     0x000bff52      0x45d Drivers/STM32F4xx_HAL_Driver/Src/stm32f4xx_ll_usb.o
                              0xbb77e (size before relaxing)
 .debug_str     0x000c03af     0x120a Middlewares/ST/STM32_USB_Host_Library/Class/HID/Src/usbh_hid.o
                              0xbef6e (size before relaxing)
 .debug_str     0x000c15b9      0x2a9 Middlewares/ST/STM32_USB_Host_Library/Class/HID/Src/usbh_hid_keybd.o
                              0xbeeef (size before relaxing)
 .debug_str     0x000c1862      0x102 Middlewares/ST/STM32_USB_Host_Library/Class/HID/Src/usbh_hid_mouse.o
                              0xbed77 (size before relaxing)
 .debug_str     0x000c1964      0x2aa Middlewares/ST/STM32_USB_Host_Library/Core/Src/usbh_core.o
                              0xbca17 (size before relaxing)
 .debug_str     0x000c1c0e      0x1e8 Middlewares/ST/STM32_USB_Host_Library/Core/Src/usbh_ctlreq.o
                              0xbc9ec (size before relaxing)
 .debug_str     0x000c1df6       0xbf Middlewares/ST/STM32_USB_Host_Library/Core/Src/usbh_ioreq.o
                              0xbc821 (size before relaxing)
 .debug_str     0x000c1eb5       0x78 Middlewares/ST/STM32_USB_Host_Library/Core/Src/usbh_pipes.o
                              0xbc7b7 (size before relaxing)
 .debug_str     0x000c1f2d      0x267 Src/main.o
                              0xbec6a (size before relaxing)
 .debug_str     0x000c2194       0x1b Src/stm32f4xx_hal_msp.o
                              0xbb881 (size before relaxing)
 .debug_str     0x000c21af       0xda Src/stm32f4xx_it.o
                              0xbb28b (size before relaxing)
 .debug_str     0x000c2289       0x5a Src/system_stm32f4xx.o
                              0xbaf3a (size before relaxing)
 .debug_str     0x000c22e3       0x99 Src/usb_host.o
                              0xbde2d (size before relaxing)
 .debug_str     0x000c237c       0x8d Src/usbh_conf.o
                              0xbd619 (size before relaxing)

.comment        0x00000000       0x7f
 .comment       0x00000000       0x7f Drivers/STM32F4xx_HAL_Driver/Src/stm32f4xx_hal.o
                                 0x80 (size before relaxing)
 .comment       0x0000007f       0x80 Drivers/STM32F4xx_HAL_Driver/Src/stm32f4xx_hal_cortex.o
 .comment       0x0000007f       0x80 Drivers/STM32F4xx_HAL_Driver/Src/stm32f4xx_hal_gpio.o
 .comment       0x0000007f       0x80 Drivers/STM32F4xx_HAL_Driver/Src/stm32f4xx_hal_hcd.o
 .comment       0x0000007f       0x80 Drivers/STM32F4xx_HAL_Driver/Src/stm32f4xx_hal_rcc.o
 .comment       0x0000007f       0x80 Drivers/STM32F4xx_HAL_Driver/Src/stm32f4xx_hal_usart.o
 .comment       0x0000007f       0x80 Drivers/STM32F4xx_HAL_Driver/Src/stm32f4xx_ll_usb.o
 .comment       0x0000007f       0x80 Middlewares/ST/STM32_USB_Host_Library/Class/HID/Src/usbh_hid.o
 .comment       0x0000007f       0x80 Middlewares/ST/STM32_USB_Host_Library/Class/HID/Src/usbh_hid_keybd.o
 .comment       0x0000007f       0x80 Middlewares/ST/STM32_USB_Host_Library/Class/HID/Src/usbh_hid_mouse.o
 .comment       0x0000007f       0x80 Middlewares/ST/STM32_USB_Host_Library/Core/Src/usbh_core.o
 .comment       0x0000007f       0x80 Middlewares/ST/STM32_USB_Host_Library/Core/Src/usbh_ctlreq.o
 .comment       0x0000007f       0x80 Middlewares/ST/STM32_USB_Host_Library/Core/Src/usbh_ioreq.o
 .comment       0x0000007f       0x80 Middlewares/ST/STM32_USB_Host_Library/Core/Src/usbh_pipes.o
 .comment       0x0000007f       0x80 Src/main.o
 .comment       0x0000007f       0x80 Src/stm32f4xx_hal_msp.o
 .comment       0x0000007f       0x80 Src/stm32f4xx_it.o
 .comment       0x0000007f       0x80 Src/system_stm32f4xx.o
 .comment       0x0000007f       0x80 Src/usb_host.o
 .comment       0x0000007f       0x80 Src/usbh_conf.o

.debug_frame    0x00000000     0x1d0c
 .debug_frame   0x00000000      0x198 Drivers/STM32F4xx_HAL_Driver/Src/stm32f4xx_hal.o
 .debug_frame   0x00000198      0x18c Drivers/STM32F4xx_HAL_Driver/Src/stm32f4xx_hal_cortex.o
 .debug_frame   0x00000324       0xd8 Drivers/STM32F4xx_HAL_Driver/Src/stm32f4xx_hal_gpio.o
 .debug_frame   0x000003fc      0x208 Drivers/STM32F4xx_HAL_Driver/Src/stm32f4xx_hal_hcd.o
 .debug_frame   0x00000604      0x164 Drivers/STM32F4xx_HAL_Driver/Src/stm32f4xx_hal_rcc.o
 .debug_frame   0x00000768      0x408 Drivers/STM32F4xx_HAL_Driver/Src/stm32f4xx_hal_usart.o
 .debug_frame   0x00000b70      0x4b0 Drivers/STM32F4xx_HAL_Driver/Src/stm32f4xx_ll_usb.o
 .debug_frame   0x00001020      0x20c Middlewares/ST/STM32_USB_Host_Library/Class/HID/Src/usbh_hid.o
 .debug_frame   0x0000122c       0x58 Middlewares/ST/STM32_USB_Host_Library/Class/HID/Src/usbh_hid_keybd.o
 .debug_frame   0x00001284       0x44 Middlewares/ST/STM32_USB_Host_Library/Class/HID/Src/usbh_hid_mouse.o
 .debug_frame   0x000012c8      0x180 Middlewares/ST/STM32_USB_Host_Library/Core/Src/usbh_core.o
 .debug_frame   0x00001448      0x184 Middlewares/ST/STM32_USB_Host_Library/Core/Src/usbh_ctlreq.o
 .debug_frame   0x000015cc      0x130 Middlewares/ST/STM32_USB_Host_Library/Core/Src/usbh_ioreq.o
 .debug_frame   0x000016fc       0x80 Middlewares/ST/STM32_USB_Host_Library/Core/Src/usbh_pipes.o
 .debug_frame   0x0000177c       0x5c Src/main.o
 .debug_frame   0x000017d8       0x6c Src/stm32f4xx_hal_msp.o
 .debug_frame   0x00001844       0xbc Src/stm32f4xx_it.o
 .debug_frame   0x00001900       0x3c Src/system_stm32f4xx.o
 .debug_frame   0x0000193c       0x4c Src/usb_host.o
 .debug_frame   0x00001988      0x1ec Src/usbh_conf.o
 .debug_frame   0x00001b74       0x2c c:/users/kalli/.p2/pool/plugins/fr.ac6.mcu.externaltools.arm-none.win32_1.15.0.201708311556/tools/compiler/bin/../lib/gcc/arm-none-eabi/6.3.1/../../../../arm-none-eabi/lib/thumb/v7e-m/fpv4-sp/hard\libc_nano.a(lib_a-init.o)
 .debug_frame   0x00001ba0       0x30 c:/users/kalli/.p2/pool/plugins/fr.ac6.mcu.externaltools.arm-none.win32_1.15.0.201708311556/tools/compiler/bin/../lib/gcc/arm-none-eabi/6.3.1/../../../../arm-none-eabi/lib/thumb/v7e-m/fpv4-sp/hard\libc_nano.a(lib_a-malloc.o)
 .debug_frame   0x00001bd0       0x38 c:/users/kalli/.p2/pool/plugins/fr.ac6.mcu.externaltools.arm-none.win32_1.15.0.201708311556/tools/compiler/bin/../lib/gcc/arm-none-eabi/6.3.1/../../../../arm-none-eabi/lib/thumb/v7e-m/fpv4-sp/hard\libc_nano.a(lib_a-nano-freer.o)
 .debug_frame   0x00001c08       0x2c c:/users/kalli/.p2/pool/plugins/fr.ac6.mcu.externaltools.arm-none.win32_1.15.0.201708311556/tools/compiler/bin/../lib/gcc/arm-none-eabi/6.3.1/../../../../arm-none-eabi/lib/thumb/v7e-m/fpv4-sp/hard\libc_nano.a(lib_a-nano-mallocr.o)
 .debug_frame   0x00001c34       0x2c c:/users/kalli/.p2/pool/plugins/fr.ac6.mcu.externaltools.arm-none.win32_1.15.0.201708311556/tools/compiler/bin/../lib/gcc/arm-none-eabi/6.3.1/../../../../arm-none-eabi/lib/thumb/v7e-m/fpv4-sp/hard\libc_nano.a(lib_a-sbrkr.o)
 .debug_frame   0x00001c60       0x30 c:/users/kalli/.p2/pool/plugins/fr.ac6.mcu.externaltools.arm-none.win32_1.15.0.201708311556/tools/compiler/bin/../lib/gcc/arm-none-eabi/6.3.1/../../../../arm-none-eabi/lib/thumb/v7e-m/fpv4-sp/hard\libc_nano.a(lib_a-mlock.o)
 .debug_frame   0x00001c90       0x5c c:/users/kalli/.p2/pool/plugins/fr.ac6.mcu.externaltools.arm-none.win32_1.15.0.201708311556/tools/compiler/bin/../lib/gcc/arm-none-eabi/6.3.1/../../../../arm-none-eabi/lib/thumb/v7e-m/fpv4-sp/hard\libc_nano.a(lib_a-reent.o)
 .debug_frame   0x00001cec       0x20 c:/users/kalli/.p2/pool/plugins/fr.ac6.mcu.externaltools.arm-none.win32_1.15.0.201708311556/tools/compiler/bin/../lib/gcc/arm-none-eabi/6.3.1/../../../../arm-none-eabi/lib/thumb/v7e-m/fpv4-sp/hard\libnosys.a(sbrk.o)
